Archive member included to satisfy reference by file (symbol)

/home/cheonsh/Linux_for_Tegra/public_sources/Linux_for_Tegra/source/public/nvidia-jetson-optee-source/optee/build/t194/export-ta_arm64/lib/libutils.a(bget_malloc.o)
                              ./darknetp_ta.o (malloc)
/home/cheonsh/Linux_for_Tegra/public_sources/Linux_for_Tegra/source/public/nvidia-jetson-optee-source/optee/build/t194/export-ta_arm64/lib/libutils.a(memcpy.o)
                              ./aes_TA.o (memcpy)
/home/cheonsh/Linux_for_Tegra/public_sources/Linux_for_Tegra/source/public/nvidia-jetson-optee-source/optee/build/t194/export-ta_arm64/lib/libutils.a(memset.o)
                              ./avgpool_layer_TA.o (memset)
/home/cheonsh/Linux_for_Tegra/public_sources/Linux_for_Tegra/source/public/nvidia-jetson-optee-source/optee/build/t194/export-ta_arm64/lib/libutils.a(strcmp.o)
                              ./activations_TA.o (strcmp)
/home/cheonsh/Linux_for_Tegra/public_sources/Linux_for_Tegra/source/public/nvidia-jetson-optee-source/optee/build/t194/export-ta_arm64/lib/libutils.a(strncmp.o)
                              ./parser_TA.o (strncmp)
/home/cheonsh/Linux_for_Tegra/public_sources/Linux_for_Tegra/source/public/nvidia-jetson-optee-source/optee/build/t194/export-ta_arm64/lib/libutils.a(trace.o)
                              ./cost_layer_TA.o (trace_printf)
/home/cheonsh/Linux_for_Tegra/public_sources/Linux_for_Tegra/source/public/nvidia-jetson-optee-source/optee/build/t194/export-ta_arm64/lib/libutils.a(snprintk.o)
                              /home/cheonsh/Linux_for_Tegra/public_sources/Linux_for_Tegra/source/public/nvidia-jetson-optee-source/optee/build/t194/export-ta_arm64/lib/libutils.a(trace.o) (vsnprintk)
/home/cheonsh/Linux_for_Tegra/public_sources/Linux_for_Tegra/source/public/nvidia-jetson-optee-source/optee/build/t194/export-ta_arm64/lib/libutils.a(memchr.o)
                              /home/cheonsh/Linux_for_Tegra/public_sources/Linux_for_Tegra/source/public/nvidia-jetson-optee-source/optee/build/t194/export-ta_arm64/lib/libutils.a(snprintk.o) (memchr)
/home/cheonsh/Linux_for_Tegra/public_sources/Linux_for_Tegra/source/public/nvidia-jetson-optee-source/optee/build/t194/export-ta_arm64/lib/libutils.a(strlen.o)
                              /home/cheonsh/Linux_for_Tegra/public_sources/Linux_for_Tegra/source/public/nvidia-jetson-optee-source/optee/build/t194/export-ta_arm64/lib/libutils.a(snprintk.o) (strlen)
/home/cheonsh/Linux_for_Tegra/public_sources/Linux_for_Tegra/source/public/nvidia-jetson-optee-source/optee/build/t194/export-ta_arm64/lib/libutee.a(assert.o)
                              ./softmax_layer_TA.o (_assert_log)
/home/cheonsh/Linux_for_Tegra/public_sources/Linux_for_Tegra/source/public/nvidia-jetson-optee-source/optee/build/t194/export-ta_arm64/lib/libutee.a(trace_ext.o)
                              /home/cheonsh/Linux_for_Tegra/public_sources/Linux_for_Tegra/source/public/nvidia-jetson-optee-source/optee/build/t194/export-ta_arm64/lib/libutils.a(trace.o) (trace_ext_puts)
/home/cheonsh/Linux_for_Tegra/public_sources/Linux_for_Tegra/source/public/nvidia-jetson-optee-source/optee/build/t194/export-ta_arm64/lib/libutee.a(tee_api_operations.o)
                              ./math_TA.o (TEE_GenerateRandom)
/home/cheonsh/Linux_for_Tegra/public_sources/Linux_for_Tegra/source/public/nvidia-jetson-optee-source/optee/build/t194/export-ta_arm64/lib/libutee.a(tee_api_panic.o)
                              /home/cheonsh/Linux_for_Tegra/public_sources/Linux_for_Tegra/source/public/nvidia-jetson-optee-source/optee/build/t194/export-ta_arm64/lib/libutee.a(tee_api_operations.o) (TEE_Panic)
/home/cheonsh/Linux_for_Tegra/public_sources/Linux_for_Tegra/source/public/nvidia-jetson-optee-source/optee/build/t194/export-ta_arm64/lib/libutee.a(utee_syscalls_a64.o)
                              /home/cheonsh/Linux_for_Tegra/public_sources/Linux_for_Tegra/source/public/nvidia-jetson-optee-source/optee/build/t194/export-ta_arm64/lib/libutee.a(assert.o) (_utee_panic)
/home/cheonsh/Linux_for_Tegra/public_sources/Linux_for_Tegra/source/public/nvidia-jetson-optee-source/optee/build/t194/export-ta_arm64/lib/libutee.a(user_ta_entry.o)
                              ./user_ta_header.o (__utee_entry)
/home/cheonsh/Linux_for_Tegra/public_sources/Linux_for_Tegra/source/public/nvidia-jetson-optee-source/optee/build/t194/export-ta_arm64/lib/libutee.a(abort.o)
                              /home/cheonsh/Linux_for_Tegra/public_sources/Linux_for_Tegra/source/public/nvidia-jetson-optee-source/optee/build/t194/export-ta_arm64/lib/libutee.a(user_ta_entry.o) (abort)
/home/cheonsh/Linux_for_Tegra/public_sources/Linux_for_Tegra/source/public/nvidia-jetson-optee-source/optee/build/t194/export-ta_arm64/lib/libutee.a(tee_api.o)
[...]
Memory Configuration

Name             Origin             Length             Attributes
*default*        0x0000000000000000 0xffffffffffffffff

Linker script and memory map


.ta_head        0x0000000000000000       0x20
 *(SORT_BY_ALIGNMENT(.ta_head))
 .ta_head       0x0000000000000000       0x20 ./user_ta_header.o
                0x0000000000000000                ta_head

.text           0x0000000000000020    0x139fc
                0x0000000000000020                __text_start = .
 *(SORT_BY_ALIGNMENT(.text) SORT_BY_ALIGNMENT(.text.*))
 .text          0x0000000000000020       0xec /home/cheonsh/Linux_for_Tegra/public_sources/Linux_for_Tegra/source/public/nvidia-jetson-optee-source/optee/build/t194/export-ta_arm64/lib/libutils.a(memcpy.o)
                0x0000000000000020                memcpy
 .text          0x000000000000010c      0x790 ./activations_TA.o
                0x000000000000010c                get_activation_string_TA
                0x00000000000001d4                get_activation_TA
                0x0000000000000374                activate_TA
                0x0000000000000624                activate_array_TA
                0x0000000000000678                gradient_TA
                0x0000000000000834                gradient_array_TA
 .text          0x000000000000089c      0x870 ./aes_TA.o
                0x0000000000000ec4                AES_init_ctx
                0x0000000000000ec8                AES_init_ctx_iv
                0x0000000000000ef0                AES_ctx_set_iv
                0x0000000000000efc                AES_ECB_encrypt
                0x0000000000000f0c                AES_ECB_decrypt
                0x0000000000000f1c                AES_CBC_encrypt_buffer
                0x0000000000000fa8                AES_CBC_decrypt_buffer
                0x000000000000104c                AES_CTR_xcrypt_buffer
 .text          0x000000000000110c      0x20c ./avgpool_layer_TA.o
                0x000000000000110c                forward_avgpool_layer_TA_new
                0x00000000000011ac                backward_avgpool_layer_TA_new
                0x0000000000001240                make_avgpool_layer_TA
                0x0000000000001300                resize_avgpool_layer_TA
 .text          0x0000000000001318      0x724 ./batchnorm_layer_TA.o
                0x0000000000001318                forward_batchnorm_layer_TA
                0x00000000000014f4                backward_scale_cpu_TA
                0x000000000000156c                mean_delta_cpu_TA
                0x0000000000001660                variance_delta_cpu_TA
                0x0000000000001778                normalize_delta_cpu_TA
                0x00000000000018bc                backward_batchnorm_layer_TA
 .text          0x0000000000001a3c      0x638 ./blas_TA.o
                0x0000000000001a3c                fill_cpu_TA
                0x0000000000001a5c                copy_cpu_TA
                0x0000000000001a84                mean_cpu_TA
                0x0000000000001b10                variance_cpu_TA
                0x0000000000001c20                scal_cpu_TA
                0x0000000000001c48                axpy_cpu_TA
                0x0000000000001c78                normalize_cpu_TA
                0x0000000000001d68                softmax_TA
                0x0000000000001e50                softmax_cpu_TA
                0x0000000000001f0c                softmax_x_ent_cpu_TA
                0x0000000000001f98                smooth_l1_cpu_TA
                0x0000000000001ffc                l1_cpu_TA
                0x0000000000002044                l2_cpu_TA
 .text          0x0000000000002074      0x17c ./col2im_TA.o
                0x0000000000002074                col2im_add_pixel_TA
                0x00000000000020ac                col2im_cpu_TA
 .text          0x00000000000021f0      0x6f0 ./connected_layer_TA.o
                0x00000000000021f0                forward_connected_layer_TA_new
                0x00000000000022e8                backward_connected_layer_TA_new
                0x000000000000241c                update_connected_layer_TA_new
                0x0000000000002544                make_connected_layer_TA_new
 .text          0x00000000000028e0      0xe4c ./convolutional_layer_TA.o
                0x00000000000028e0                update_convolutional_layer_TA_new
                0x0000000000002a00                swap_binary_TA
                0x0000000000002a14                add_bias_TA
                0x0000000000002a7c                scale_bias_TA
                0x0000000000002ae4                backward_bias_TA
                0x0000000000002b84                backward_convolutional_layer_TA_new
                0x0000000000002e6c                convolutional_out_height_TA
                0x0000000000002e90                convolutional_out_width_TA
                0x0000000000002eb4                binarize_weights_TA
                0x0000000000002f3c                binarize_cpu_TA
                0x0000000000002f6c                forward_convolutional_layer_TA_new
                0x00000000000031bc                make_convolutional_layer_TA_new
 .text          0x000000000000372c      0x31c ./cost_layer_TA.o
                0x000000000000372c                forward_cost_layer_TA
                0x00000000000037fc                backward_cost_layer_TA
                0x0000000000003820                get_cost_type_TA
                0x0000000000003900                get_cost_string_TA
                0x000000000000396c                make_cost_layer_TA_new
 .text          0x0000000000003a48      0xe50 ./darknetp_ta.o
                0x0000000000003fe4                summary_array
                0x0000000000004100                TA_CreateEntryPoint
                0x0000000000004138                TA_DestroyEntryPoint
                0x000000000000415c                TA_OpenSessionEntryPoint
                0x00000000000041bc                TA_CloseSessionEntryPoint
                0x00000000000041e0                TA_InvokeCommandEntryPoint
 .text          0x0000000000004898       0xc4 ./diffprivate_TA.o
                0x0000000000004898                diff_private_SGD
 .text          0x000000000000495c      0x258 ./dropout_layer_TA.o
                0x000000000000495c                backward_dropout_layer_TA_new
                0x00000000000049c0                forward_dropout_layer_TA_new
                0x0000000000004a74                make_dropout_layer_TA_new
                0x0000000000004b7c                resize_dropout_layer_TA
 .text          0x0000000000004bb4      0x2c0 ./gemm_TA.o
                0x0000000000004bb4                gemm_nn_TA
                0x0000000000004c38                gemm_nt_TA
                0x0000000000004cc0                gemm_tn_TA
                0x0000000000004d40                gemm_tt_TA
                0x0000000000004dc8                gemm_cpu_TA
                0x0000000000004e70                gemm_TA
 .text          0x0000000000004e74      0x17c ./im2col_TA.o
                0x0000000000004e74                im2col_get_pixel_TA
                0x0000000000004ea8                im2col_cpu_TA
 .text          0x0000000000004ff0      0x928 ./math_TA.o
                0x0000000000004ff0                ta_max
                0x0000000000004ffc                ta_pow
                0x000000000000504c                ta_eee
                0x00000000000050ec                ta_exp
                0x0000000000005148                ta_rand
                0x00000000000051ac                ta_floor
                0x00000000000051c0                ta_sqrt
                0x0000000000005234                F1
                0x0000000000005240                F2
                0x0000000000005268                simpson
                0x00000000000052fc                asr
                0x00000000000053e0                asr0
                0x0000000000005430                ta_ln
                0x0000000000005448                ta_log
                0x000000000000547c                ta_cos
                0x00000000000055cc                ta_sin
                0x0000000000005720                ta_tan
                0x0000000000005750                reverse
                0x0000000000005784                intToStr
                0x0000000000005824                ftoa
                0x00000000000058cc                bubble_sort_top
 .text          0x0000000000005918      0x410 ./maxpool_layer_TA.o
                0x0000000000005918                forward_maxpool_layer_TA_new
                0x0000000000005af8                backward_maxpool_layer_TA_new
                0x0000000000005b50                make_maxpool_layer_TA
                0x0000000000005c80                resize_maxpool_layer_TA
 .text          0x0000000000005d28      0x778 ./network_TA.o
                0x0000000000005d28                make_network_TA
                0x0000000000005eb4                update_network_TA
                0x0000000000005f70                calc_network_cost_TA
                0x0000000000005fe8                forward_network_TA
                0x0000000000006204                calc_network_loss_TA
                0x00000000000062dc                backward_network_TA
 .text          0x00000000000064a0      0x49c ./parser_TA.o
                0x00000000000064a0                aes_cbc_TA
                0x0000000000006640                transpose_matrix_TA
                0x00000000000066e4                load_weights_TA
                0x0000000000006864                save_weights_TA
 .text          0x000000000000693c      0x278 ./softmax_layer_TA.o
                0x000000000000693c                forward_softmax_layer_TA
                0x0000000000006a5c                backward_softmax_layer_TA
                0x0000000000006a80                make_softmax_layer_TA_new
 .text          0x0000000000006bb4      0x158 ./utils_TA.o
                0x0000000000006bb4                sum_array_TA
                0x0000000000006bd8                rand_uniform_TA
                0x0000000000006c14                rand_normal_TA
 .text          0x0000000000006d0c       0x1c ./user_ta_header.o
                0x0000000000006d0c                __ta_entry
                0x0000000000006d20                tahead_get_trace_level
 .text          0x0000000000006d28      0xbe0 /home/cheonsh/Linux_for_Tegra/public_sources/Linux_for_Tegra/source/public/nvidia-jetson-optee-source/optee/build/t194/export-ta_arm64/lib/libutils.a(bget_malloc.o)
                0x0000000000006d28                bget
                0x0000000000006fd4                bgetz
                0x0000000000007060                brel
                0x00000000000072dc                bgetr
                0x00000000000073b0                bpool
                0x0000000000007484                raw_memalign
                0x00000000000074d8                raw_malloc
                0x00000000000074e8                raw_free
                0x00000000000074f8                raw_calloc
                0x0000000000007548                raw_realloc
                0x0000000000007654                malloc
                0x000000000000766c                calloc
                0x0000000000007688                realloc
                0x00000000000076a0                memalign
                0x00000000000076bc                free
                0x00000000000076cc                free_wipe
                0x00000000000076dc                raw_malloc_get_ctx_size
                0x00000000000076e4                raw_malloc_init_ctx
                0x0000000000007710                raw_malloc_add_pool
                0x0000000000007714                malloc_add_pool
                0x0000000000007728                malloc_buffer_is_within_alloced
                0x00000000000078a4                malloc_buffer_overlaps_heap
 .text          0x0000000000007908       0x1c /home/cheonsh/Linux_for_Tegra/public_sources/Linux_for_Tegra/source/public/nvidia-jetson-optee-source/optee/build/t194/export-ta_arm64/lib/libutils.a(memset.o)
                0x0000000000007908                memset
 .text          0x0000000000007924       0x24 /home/cheonsh/Linux_for_Tegra/public_sources/Linux_for_Tegra/source/public/nvidia-jetson-optee-source/optee/build/t194/export-ta_arm64/lib/libutils.a(strcmp.o)
                0x0000000000007924                strcmp
 .text          0x0000000000007948       0x3c /home/cheonsh/Linux_for_Tegra/public_sources/Linux_for_Tegra/source/public/nvidia-jetson-optee-source/optee/build/t194/export-ta_arm64/lib/libutils.a(strncmp.o)
                0x0000000000007948                strncmp
 .text          0x0000000000007984      0x290 /home/cheonsh/Linux_for_Tegra/public_sources/Linux_for_Tegra/source/public/nvidia-jetson-optee-source/optee/build/t194/export-ta_arm64/lib/libutils.a(trace.o)
                0x0000000000007984                trace_set_level
                0x00000000000079a0                trace_get_level
                0x00000000000079b0                trace_vprintf
                0x0000000000007ba0                trace_printf
                0x0000000000007c10                dhex_dump
 .text          0x0000000000007c14      0xd50 /home/cheonsh/Linux_for_Tegra/public_sources/Linux_for_Tegra/source/public/nvidia-jetson-optee-source/optee/build/t194/export-ta_arm64/lib/libutils.a(snprintk.o)
                0x0000000000007c14                __vsnprintf
                0x0000000000007ca0                vsnprintk
                0x0000000000007cf8                snprintk
                0x0000000000008918                __vsprintf
 .text          0x0000000000008964       0x2c /home/cheonsh/Linux_for_Tegra/public_sources/Linux_for_Tegra/source/public/nvidia-jetson-optee-source/optee/build/t194/export-ta_arm64/lib/libutils.a(memchr.o)
                0x0000000000008964                memchr
 .text          0x0000000000008990       0x1c /home/cheonsh/Linux_for_Tegra/public_sources/Linux_for_Tegra/source/public/nvidia-jetson-optee-source/optee/build/t194/export-ta_arm64/lib/libutils.a(strlen.o)
                0x0000000000008990                strlen
 .text          0x00000000000089ac       0x58 /home/cheonsh/Linux_for_Tegra/public_sources/Linux_for_Tegra/source/public/nvidia-jetson-optee-source/optee/build/t194/export-ta_arm64/lib/libutee.a(assert.o)
                0x00000000000089ac                _assert_log
                0x00000000000089f0                _assert_break
 .text          0x0000000000008a04      0x174 /home/cheonsh/Linux_for_Tegra/public_sources/Linux_for_Tegra/source/public/nvidia-jetson-optee-source/optee/build/t194/export-ta_arm64/lib/libutee.a(trace_ext.o)
                0x0000000000008a04                trace_ext_puts
                0x0000000000008a2c                trace_ext_get_thread_id
                0x0000000000008a34                printf
                0x0000000000008afc                puts
                0x0000000000008b3c                putchar
 .text          0x0000000000008b78     0x2c0c /home/cheonsh/Linux_for_Tegra/public_sources/Linux_for_Tegra/source/public/nvidia-jetson-optee-source/optee/build/t194/export-ta_arm64/lib/libutee.a(tee_api_operations.o)
                0x0000000000008d98                TEE_FreeOperation
                0x0000000000008ddc                TEE_AllocateOperation
                0x0000000000009928                TEE_GetOperationInfo
                0x000000000000997c                TEE_GetOperationInfoMultiple
                0x0000000000009afc                TEE_ResetOperation
                0x0000000000009b74                TEE_SetOperationKey
                0x0000000000009c70                TEE_SetOperationKey2
                0x0000000000009e04                TEE_CopyOperation
                0x0000000000009f44                TEE_DigestUpdate
                0x0000000000009fb4                TEE_DigestDoFinal
                0x000000000000a098                TEE_CipherInit
                0x000000000000a178                TEE_CipherUpdate
                0x000000000000a2e4                TEE_CipherDoFinal
                0x000000000000a4cc                TEE_MACInit
                0x000000000000a570                TEE_MACUpdate
                0x000000000000a610                TEE_MACComputeFinal
                0x000000000000a6ec                TEE_MACCompareFinal
                0x000000000000a7c0                TEE_AEInit
                0x000000000000a890                TEE_AEUpdateAAD
                0x000000000000a924                TEE_AEUpdate
                0x000000000000aa80                TEE_AEEncryptFinal
                0x000000000000ac48                TEE_AEDecryptFinal
                0x000000000000ade0                TEE_AsymmetricEncrypt
                0x000000000000af20                TEE_AsymmetricDecrypt
                0x000000000000b064                TEE_AsymmetricSignDigest
                0x000000000000b19c                TEE_AsymmetricVerifyDigest
                0x000000000000b2c0                TEE_DeriveKey
                0x000000000000b43c                TEE_GenerateRandom
                0x000000000000b460                rand
                0x000000000000b484                TEE_IsAlgorithmSupported
 .text          0x000000000000b784      0x160 /home/cheonsh/Linux_for_Tegra/public_sources/Linux_for_Tegra/source/public/nvidia-jetson-optee-source/optee/build/t194/export-ta_arm64/lib/libutee.a(tee_api_panic.o)
                0x000000000000b7a0                TEE_Panic
                0x000000000000b7b8                __utee_check_outbuf_annotation
                0x000000000000b804                __utee_check_instring_annotation
                0x000000000000b834                __utee_check_outstring_annotation
                0x000000000000b880                __utee_check_out_annotation
                0x000000000000b8a0                __utee_check_attr_in_annotation
                0x000000000000b8c4                __utee_check_inout_annotation
 .text._utee_panic
                0x000000000000b8e4        0xc /home/cheonsh/Linux_for_Tegra/public_sources/Linux_for_Tegra/source/public/nvidia-jetson-optee-source/optee/build/t194/export-ta_arm64/lib/libutee.a(utee_syscalls_a64.o)
                0x000000000000b8e4                _utee_panic
 .text._utee_return
                0x000000000000b8f0        0xc /home/cheonsh/Linux_for_Tegra/public_sources/Linux_for_Tegra/source/public/nvidia-jetson-optee-source/optee/build/t194/export-ta_arm64/lib/libutee.a(utee_syscalls_a64.o)
                0x000000000000b8f0                _utee_return
 .text._utee_log
                0x000000000000b8fc        0xc /home/cheonsh/Linux_for_Tegra/public_sources/Linux_for_Tegra/source/public/nvidia-jetson-optee-source/optee/build/t194/export-ta_arm64/lib/libutee.a(utee_syscalls_a64.o)
                0x000000000000b8fc                _utee_log
 .text.__utee_panic
                0x000000000000b908        0xc /home/cheonsh/Linux_for_Tegra/public_sources/Linux_for_Tegra/source/public/nvidia-jetson-optee-source/optee/build/t194/export-ta_arm64/lib/libutee.a(utee_syscalls_a64.o)
                0x000000000000b908                __utee_panic
 .text._utee_get_property
                0x000000000000b914        0xc /home/cheonsh/Linux_for_Tegra/public_sources/Linux_for_Tegra/source/public/nvidia-jetson-optee-source/optee/build/t194/export-ta_arm64/lib/libutee.a(utee_syscalls_a64.o)
                0x000000000000b914                _utee_get_property
 .text._utee_get_property_name_to_index
                0x000000000000b920        0xc /home/cheonsh/Linux_for_Tegra/public_sources/Linux_for_Tegra/source/public/nvidia-jetson-optee-source/optee/build/t194/export-ta_arm64/lib/libutee.a(utee_syscalls_a64.o)
                0x000000000000b920                _utee_get_property_name_to_index
 .text._utee_open_ta_session
                0x000000000000b92c        0xc /home/cheonsh/Linux_for_Tegra/public_sources/Linux_for_Tegra/source/public/nvidia-jetson-optee-source/optee/build/t194/export-ta_arm64/lib/libutee.a(utee_syscalls_a64.o)
                0x000000000000b92c                _utee_open_ta_session
 .text._utee_close_ta_session
                0x000000000000b938        0xc /home/cheonsh/Linux_for_Tegra/public_sources/Linux_for_Tegra/source/public/nvidia-jetson-optee-source/optee/build/t194/export-ta_arm64/lib/libutee.a(utee_syscalls_a64.o)
                0x000000000000b938                _utee_close_ta_session
 .text._utee_invoke_ta_command
                0x000000000000b944        0xc /home/cheonsh/Linux_for_Tegra/public_sources/Linux_for_Tegra/source/public/nvidia-jetson-optee-source/optee/build/t194/export-ta_arm64/lib/libutee.a(utee_syscalls_a64.o)
                0x000000000000b944                _utee_invoke_ta_command
 .text._utee_get_cancellation_flag
                0x000000000000b950        0xc /home/cheonsh/Linux_for_Tegra/public_sources/Linux_for_Tegra/source/public/nvidia-jetson-optee-source/optee/build/t194/export-ta_arm64/lib/libutee.a(utee_syscalls_a64.o)
                0x000000000000b950                _utee_get_cancellation_flag
 .text._utee_check_access_rights
                0x000000000000b95c        0xc /home/cheonsh/Linux_for_Tegra/public_sources/Linux_for_Tegra/source/public/nvidia-jetson-optee-source/optee/build/t194/export-ta_arm64/lib/libutee.a(utee_syscalls_a64.o)
                0x000000000000b95c                _utee_check_access_rights
 .text._utee_unmask_cancellation
                0x000000000000b968        0xc /home/cheonsh/Linux_for_Tegra/public_sources/Linux_for_Tegra/source/public/nvidia-jetson-optee-source/optee/build/t194/export-ta_arm64/lib/libutee.a(utee_syscalls_a64.o)
                0x000000000000b968                _utee_unmask_cancellation
 .text._utee_mask_cancellation
                0x000000000000b974        0xc /home/cheonsh/Linux_for_Tegra/public_sources/Linux_for_Tegra/source/public/nvidia-jetson-optee-source/optee/build/t194/export-ta_arm64/lib/libutee.a(utee_syscalls_a64.o)
                0x000000000000b974                _utee_mask_cancellation
 .text._utee_wait
                0x000000000000b980        0xc /home/cheonsh/Linux_for_Tegra/public_sources/Linux_for_Tegra/source/public/nvidia-jetson-optee-source/optee/build/t194/export-ta_arm64/lib/libutee.a(utee_syscalls_a64.o)
                0x000000000000b980                _utee_wait
 .text._utee_get_time
                0x000000000000b98c        0xc /home/cheonsh/Linux_for_Tegra/public_sources/Linux_for_Tegra/source/public/nvidia-jetson-optee-source/optee/build/t194/export-ta_arm64/lib/libutee.a(utee_syscalls_a64.o)
                0x000000000000b98c                _utee_get_time
 .text._utee_set_ta_time
                0x000000000000b998        0xc /home/cheonsh/Linux_for_Tegra/public_sources/Linux_for_Tegra/source/public/nvidia-jetson-optee-source/optee/build/t194/export-ta_arm64/lib/libutee.a(utee_syscalls_a64.o)
                0x000000000000b998                _utee_set_ta_time
 .text._utee_cryp_state_alloc
                0x000000000000b9a4        0xc /home/cheonsh/Linux_for_Tegra/public_sources/Linux_for_Tegra/source/public/nvidia-jetson-optee-source/optee/build/t194/export-ta_arm64/lib/libutee.a(utee_syscalls_a64.o)
                0x000000000000b9a4                _utee_cryp_state_alloc
 .text._utee_cryp_state_copy
                0x000000000000b9b0        0xc /home/cheonsh/Linux_for_Tegra/public_sources/Linux_for_Tegra/source/public/nvidia-jetson-optee-source/optee/build/t194/export-ta_arm64/lib/libutee.a(utee_syscalls_a64.o)
                0x000000000000b9b0                _utee_cryp_state_copy
 .text._utee_cryp_state_free
                0x000000000000b9bc        0xc /home/cheonsh/Linux_for_Tegra/public_sources/Linux_for_Tegra/source/public/nvidia-jetson-optee-source/optee/build/t194/export-ta_arm64/lib/libutee.a(utee_syscalls_a64.o)
                0x000000000000b9bc                _utee_cryp_state_free
 .text._utee_hash_init
                0x000000000000b9c8        0xc /home/cheonsh/Linux_for_Tegra/public_sources/Linux_for_Tegra/source/public/nvidia-jetson-optee-source/optee/build/t194/export-ta_arm64/lib/libutee.a(utee_syscalls_a64.o)
                0x000000000000b9c8                _utee_hash_init
 .text._utee_hash_update
                0x000000000000b9d4        0xc /home/cheonsh/Linux_for_Tegra/public_sources/Linux_for_Tegra/source/public/nvidia-jetson-optee-source/optee/build/t194/export-ta_arm64/lib/libutee.a(utee_syscalls_a64.o)
                0x000000000000b9d4                _utee_hash_update
 .text._utee_hash_final
                0x000000000000b9e0        0xc /home/cheonsh/Linux_for_Tegra/public_sources/Linux_for_Tegra/source/public/nvidia-jetson-optee-source/optee/build/t194/export-ta_arm64/lib/libutee.a(utee_syscalls_a64.o)
                0x000000000000b9e0                _utee_hash_final
 .text._utee_cipher_init
                0x000000000000b9ec        0xc /home/cheonsh/Linux_for_Tegra/public_sources/Linux_for_Tegra/source/public/nvidia-jetson-optee-source/optee/build/t194/export-ta_arm64/lib/libutee.a(utee_syscalls_a64.o)
                0x000000000000b9ec                _utee_cipher_init
 .text._utee_cipher_update
                0x000000000000b9f8        0xc /home/cheonsh/Linux_for_Tegra/public_sources/Linux_for_Tegra/source/public/nvidia-jetson-optee-source/optee/build/t194/export-ta_arm64/lib/libutee.a(utee_syscalls_a64.o)
                0x000000000000b9f8                _utee_cipher_update
 .text._utee_cipher_final
                0x000000000000ba04        0xc /home/cheonsh/Linux_for_Tegra/public_sources/Linux_for_Tegra/source/public/nvidia-jetson-optee-source/optee/build/t194/export-ta_arm64/lib/libutee.a(utee_syscalls_a64.o)
                0x000000000000ba04                _utee_cipher_final
 .text._utee_cryp_obj_get_info
                0x000000000000ba10        0xc /home/cheonsh/Linux_for_Tegra/public_sources/Linux_for_Tegra/source/public/nvidia-jetson-optee-source/optee/build/t194/export-ta_arm64/lib/libutee.a(utee_syscalls_a64.o)
                0x000000000000ba10                _utee_cryp_obj_get_info
 .text._utee_cryp_obj_restrict_usage
                0x000000000000ba1c        0xc /home/cheonsh/Linux_for_Tegra/public_sources/Linux_for_Tegra/source/public/nvidia-jetson-optee-source/optee/build/t194/export-ta_arm64/lib/libutee.a(utee_syscalls_a64.o)
                0x000000000000ba1c                _utee_cryp_obj_restrict_usage
 .text._utee_cryp_obj_get_attr
                0x000000000000ba28        0xc /home/cheonsh/Linux_for_Tegra/public_sources/Linux_for_Tegra/source/public/nvidia-jetson-optee-source/optee/build/t194/export-ta_arm64/lib/libutee.a(utee_syscalls_a64.o)
                0x000000000000ba28                _utee_cryp_obj_get_attr
 .text._utee_cryp_obj_alloc
                0x000000000000ba34        0xc /home/cheonsh/Linux_for_Tegra/public_sources/Linux_for_Tegra/source/public/nvidia-jetson-optee-source/optee/build/t194/export-ta_arm64/lib/libutee.a(utee_syscalls_a64.o)
                0x000000000000ba34                _utee_cryp_obj_alloc
 .text._utee_cryp_obj_close
                0x000000000000ba40        0xc /home/cheonsh/Linux_for_Tegra/public_sources/Linux_for_Tegra/source/public/nvidia-jetson-optee-source/optee/build/t194/export-ta_arm64/lib/libutee.a(utee_syscalls_a64.o)
                0x000000000000ba40                _utee_cryp_obj_close
 .text._utee_cryp_obj_reset
                0x000000000000ba4c        0xc /home/cheonsh/Linux_for_Tegra/public_sources/Linux_for_Tegra/source/public/nvidia-jetson-optee-source/optee/build/t194/export-ta_arm64/lib/libutee.a(utee_syscalls_a64.o)
                0x000000000000ba4c                _utee_cryp_obj_reset
 .text._utee_cryp_obj_populate
                0x000000000000ba58        0xc /home/cheonsh/Linux_for_Tegra/public_sources/Linux_for_Tegra/source/public/nvidia-jetson-optee-source/optee/build/t194/export-ta_arm64/lib/libutee.a(utee_syscalls_a64.o)
                0x000000000000ba58                _utee_cryp_obj_populate
 .text._utee_cryp_obj_copy
                0x000000000000ba64        0xc /home/cheonsh/Linux_for_Tegra/public_sources/Linux_for_Tegra/source/public/nvidia-jetson-optee-source/optee/build/t194/export-ta_arm64/lib/libutee.a(utee_syscalls_a64.o)
                0x000000000000ba64                _utee_cryp_obj_copy
 .text._utee_cryp_derive_key
                0x000000000000ba70        0xc /home/cheonsh/Linux_for_Tegra/public_sources/Linux_for_Tegra/source/public/nvidia-jetson-optee-source/optee/build/t194/export-ta_arm64/lib/libutee.a(utee_syscalls_a64.o)
                0x000000000000ba70                _utee_cryp_derive_key
 .text._utee_cryp_random_number_generate
                0x000000000000ba7c        0xc /home/cheonsh/Linux_for_Tegra/public_sources/Linux_for_Tegra/source/public/nvidia-jetson-optee-source/optee/build/t194/export-ta_arm64/lib/libutee.a(utee_syscalls_a64.o)
                0x000000000000ba7c                _utee_cryp_random_number_generate
 .text._utee_authenc_init
                0x000000000000ba88        0xc /home/cheonsh/Linux_for_Tegra/public_sources/Linux_for_Tegra/source/public/nvidia-jetson-optee-source/optee/build/t194/export-ta_arm64/lib/libutee.a(utee_syscalls_a64.o)
                0x000000000000ba88                _utee_authenc_init
 .text._utee_authenc_update_aad
                0x000000000000ba94        0xc /home/cheonsh/Linux_for_Tegra/public_sources/Linux_for_Tegra/source/public/nvidia-jetson-optee-source/optee/build/t194/export-ta_arm64/lib/libutee.a(utee_syscalls_a64.o)
                0x000000000000ba94                _utee_authenc_update_aad
 .text._utee_authenc_update_payload
                0x000000000000baa0        0xc /home/cheonsh/Linux_for_Tegra/public_sources/Linux_for_Tegra/source/public/nvidia-jetson-optee-source/optee/build/t194/export-ta_arm64/lib/libutee.a(utee_syscalls_a64.o)
                0x000000000000baa0                _utee_authenc_update_payload
 .text._utee_authenc_enc_final
                0x000000000000baac        0xc /home/cheonsh/Linux_for_Tegra/public_sources/Linux_for_Tegra/source/public/nvidia-jetson-optee-source/optee/build/t194/export-ta_arm64/lib/libutee.a(utee_syscalls_a64.o)
                0x000000000000baac                _utee_authenc_enc_final
 .text._utee_authenc_dec_final
                0x000000000000bab8        0xc /home/cheonsh/Linux_for_Tegra/public_sources/Linux_for_Tegra/source/public/nvidia-jetson-optee-source/optee/build/t194/export-ta_arm64/lib/libutee.a(utee_syscalls_a64.o)
                0x000000000000bab8                _utee_authenc_dec_final
 .text._utee_asymm_operate
                0x000000000000bac4        0xc /home/cheonsh/Linux_for_Tegra/public_sources/Linux_for_Tegra/source/public/nvidia-jetson-optee-source/optee/build/t194/export-ta_arm64/lib/libutee.a(utee_syscalls_a64.o)
                0x000000000000bac4                _utee_asymm_operate
 .text._utee_asymm_verify
                0x000000000000bad0        0xc /home/cheonsh/Linux_for_Tegra/public_sources/Linux_for_Tegra/source/public/nvidia-jetson-optee-source/optee/build/t194/export-ta_arm64/lib/libutee.a(utee_syscalls_a64.o)
                0x000000000000bad0                _utee_asymm_verify
 .text._utee_storage_obj_open
                0x000000000000badc        0xc /home/cheonsh/Linux_for_Tegra/public_sources/Linux_for_Tegra/source/public/nvidia-jetson-optee-source/optee/build/t194/export-ta_arm64/lib/libutee.a(utee_syscalls_a64.o)
                0x000000000000badc                _utee_storage_obj_open
 .text._utee_storage_obj_create
                0x000000000000bae8        0xc /home/cheonsh/Linux_for_Tegra/public_sources/Linux_for_Tegra/source/public/nvidia-jetson-optee-source/optee/build/t194/export-ta_arm64/lib/libutee.a(utee_syscalls_a64.o)
                0x000000000000bae8                _utee_storage_obj_create
 .text._utee_storage_obj_del
                0x000000000000baf4        0xc /home/cheonsh/Linux_for_Tegra/public_sources/Linux_for_Tegra/source/public/nvidia-jetson-optee-source/optee/build/t194/export-ta_arm64/lib/libutee.a(utee_syscalls_a64.o)
                0x000000000000baf4                _utee_storage_obj_del
 .text._utee_storage_obj_rename
                0x000000000000bb00        0xc /home/cheonsh/Linux_for_Tegra/public_sources/Linux_for_Tegra/source/public/nvidia-jetson-optee-source/optee/build/t194/export-ta_arm64/lib/libutee.a(utee_syscalls_a64.o)
                0x000000000000bb00                _utee_storage_obj_rename
 .text._utee_storage_alloc_enum
                0x000000000000bb0c        0xc /home/cheonsh/Linux_for_Tegra/public_sources/Linux_for_Tegra/source/public/nvidia-jetson-optee-source/optee/build/t194/export-ta_arm64/lib/libutee.a(utee_syscalls_a64.o)
                0x000000000000bb0c                _utee_storage_alloc_enum
 .text._utee_storage_free_enum
                0x000000000000bb18        0xc /home/cheonsh/Linux_for_Tegra/public_sources/Linux_for_Tegra/source/public/nvidia-jetson-optee-source/optee/build/t194/export-ta_arm64/lib/libutee.a(utee_syscalls_a64.o)
                0x000000000000bb18                _utee_storage_free_enum
 .text._utee_storage_reset_enum
                0x000000000000bb24        0xc /home/cheonsh/Linux_for_Tegra/public_sources/Linux_for_Tegra/source/public/nvidia-jetson-optee-source/optee/build/t194/export-ta_arm64/lib/libutee.a(utee_syscalls_a64.o)
                0x000000000000bb24                _utee_storage_reset_enum
 .text._utee_storage_start_enum
                0x000000000000bb30        0xc /home/cheonsh/Linux_for_Tegra/public_sources/Linux_for_Tegra/source/public/nvidia-jetson-optee-source/optee/build/t194/export-ta_arm64/lib/libutee.a(utee_syscalls_a64.o)
                0x000000000000bb30                _utee_storage_start_enum
 .text._utee_storage_next_enum
                0x000000000000bb3c        0xc /home/cheonsh/Linux_for_Tegra/public_sources/Linux_for_Tegra/source/public/nvidia-jetson-optee-source/optee/build/t194/export-ta_arm64/lib/libutee.a(utee_syscalls_a64.o)
                0x000000000000bb3c                _utee_storage_next_enum
 .text._utee_storage_obj_read
                0x000000000000bb48        0xc /home/cheonsh/Linux_for_Tegra/public_sources/Linux_for_Tegra/source/public/nvidia-jetson-optee-source/optee/build/t194/export-ta_arm64/lib/libutee.a(utee_syscalls_a64.o)
                0x000000000000bb48                _utee_storage_obj_read
 .text._utee_storage_obj_write
                0x000000000000bb54        0xc /home/cheonsh/Linux_for_Tegra/public_sources/Linux_for_Tegra/source/public/nvidia-jetson-optee-source/optee/build/t194/export-ta_arm64/lib/libutee.a(utee_syscalls_a64.o)
                0x000000000000bb54                _utee_storage_obj_write
 .text._utee_storage_obj_trunc
                0x000000000000bb60        0xc /home/cheonsh/Linux_for_Tegra/public_sources/Linux_for_Tegra/source/public/nvidia-jetson-optee-source/optee/build/t194/export-ta_arm64/lib/libutee.a(utee_syscalls_a64.o)
                0x000000000000bb60                _utee_storage_obj_trunc
 .text._utee_storage_obj_seek
                0x000000000000bb6c        0xc /home/cheonsh/Linux_for_Tegra/public_sources/Linux_for_Tegra/source/public/nvidia-jetson-optee-source/optee/build/t194/export-ta_arm64/lib/libutee.a(utee_syscalls_a64.o)
                0x000000000000bb6c                _utee_storage_obj_seek
 .text._utee_cryp_obj_generate_key
                0x000000000000bb78        0xc /home/cheonsh/Linux_for_Tegra/public_sources/Linux_for_Tegra/source/public/nvidia-jetson-optee-source/optee/build/t194/export-ta_arm64/lib/libutee.a(utee_syscalls_a64.o)
                0x000000000000bb78                _utee_cryp_obj_generate_key
 .text._utee_cache_operation
                0x000000000000bb84        0xc /home/cheonsh/Linux_for_Tegra/public_sources/Linux_for_Tegra/source/public/nvidia-jetson-optee-source/optee/build/t194/export-ta_arm64/lib/libutee.a(utee_syscalls_a64.o)
                0x000000000000bb84                _utee_cache_operation
 .text          0x000000000000bb90      0x67c /home/cheonsh/Linux_for_Tegra/public_sources/Linux_for_Tegra/source/public/nvidia-jetson-optee-source/optee/build/t194/export-ta_arm64/lib/libutee.a(user_ta_entry.o)
                0x000000000000be38                __utee_call_elf_init_fn
                0x000000000000bf5c                __utee_call_elf_fini_fn
                0x000000000000c004                __utee_entry
 .text.unlikely
                0x000000000000c20c       0x20 /home/cheonsh/Linux_for_Tegra/public_sources/Linux_for_Tegra/source/public/nvidia-jetson-optee-source/optee/build/t194/export-ta_arm64/lib/libutee.a(abort.o)
                0x000000000000c20c                abort
 .text          0x000000000000c22c      0x790 /home/cheonsh/Linux_for_Tegra/public_sources/Linux_for_Tegra/source/public/nvidia-jetson-optee-source/optee/build/t194/export-ta_arm64/lib/libutee.a(tee_api.o)
                0x000000000000c2d8                TEE_CloseTASession
                0x000000000000c300                TEE_GetCancellationFlag
                0x000000000000c32c                TEE_UnmaskCancellation
                0x000000000000c358                TEE_MaskCancellation
                0x000000000000c384                TEE_CheckMemoryAccessRights
                0x000000000000c568                TEE_OpenTASession
                0x000000000000c660                TEE_InvokeTACommand
                0x000000000000c788                TEE_SetInstanceData
                0x000000000000c794                TEE_GetInstanceData
                0x000000000000c7a0                TEE_MemMove
                0x000000000000c7a8                TEE_MemCompare
                0x000000000000c7b0                TEE_MemFill
                0x000000000000c7b8                TEE_GetSystemTime
                0x000000000000c7e0                TEE_Wait
                0x000000000000c81c                TEE_GetTAPersistentTime
                0x000000000000c890                TEE_SetTAPersistentTime
                0x000000000000c8d4                TEE_GetREETime
                0x000000000000c8fc                TEE_Malloc
                0x000000000000c964                TEE_Free
                0x000000000000c974                TEE_Realloc
                0x000000000000c9a4                TEE_CacheClean
                0x000000000000c9ac                TEE_CacheFlush
                0x000000000000c9b4                TEE_CacheInvalidate
 .text          0x000000000000c9bc     0x1944 /home/cheonsh/Linux_for_Tegra/public_sources/Linux_for_Tegra/source/public/nvidia-jetson-optee-source/optee/build/t194/export-ta_arm64/lib/libutee.a(tee_api_arith_mpi.o)
                0x000000000000d1b8                _TEE_MathAPI_Init
                0x000000000000d208                TEE_BigIntInit
                0x000000000000d26c                TEE_BigIntConvertFromOctetString
                0x000000000000d300                TEE_BigIntConvertToOctetString
                0x000000000000d394                TEE_BigIntConvertFromS32
                0x000000000000d418                TEE_BigIntConvertToS32
                0x000000000000d4a0                TEE_BigIntCmp
                0x000000000000d508                TEE_BigIntCmpS32
                0x000000000000d6ec                TEE_BigIntShiftRight
                0x000000000000d858                TEE_BigIntGetBit
                0x000000000000d8a4                TEE_BigIntGetBitCount
                0x000000000000d8e4                TEE_BigIntAdd
                0x000000000000d8f0                TEE_BigIntSub
                0x000000000000d8fc                TEE_BigIntNeg
                0x000000000000d9ac                TEE_BigIntMul
                0x000000000000da94                TEE_BigIntSquare
                0x000000000000da9c                TEE_BigIntDiv
                0x000000000000dc1c                TEE_BigIntMod
                0x000000000000dc88                TEE_BigIntAddMod
                0x000000000000dc94                TEE_BigIntSubMod
                0x000000000000dca0                TEE_BigIntMulMod
                0x000000000000dcac                TEE_BigIntSquareMod
                0x000000000000dcb8                TEE_BigIntInvMod
                0x000000000000ddd4                TEE_BigIntRelativePrime
                0x000000000000dea8                TEE_BigIntComputeExtendedGcd
                0x000000000000e0dc                TEE_BigIntIsProbablePrime
                0x000000000000e12c                TEE_BigIntInitFMM
                0x000000000000e130                TEE_BigIntInitFMMContext
                0x000000000000e134                TEE_BigIntFMMSizeInU32
                0x000000000000e144                TEE_BigIntFMMContextSizeInU32
                0x000000000000e14c                TEE_BigIntConvertToFMM
                0x000000000000e150                TEE_BigIntConvertFromFMM
                0x000000000000e1ec                TEE_BigIntComputeFMM
 .text          0x000000000000e300      0xe00 /home/cheonsh/Linux_for_Tegra/public_sources/Linux_for_Tegra/source/public/nvidia-jetson-optee-source/optee/build/t194/export-ta_arm64/lib/libutee.a(tee_api_objects.o)
                0x000000000000e300                __utee_from_attr
                0x000000000000e350                TEE_GetObjectInfo
                0x000000000000e398                TEE_GetObjectInfo1
                0x000000000000e3d8                TEE_RestrictObjectUsage1
                0x000000000000e41c                TEE_RestrictObjectUsage
                0x000000000000e46c                TEE_GetObjectBufferAttribute
                0x000000000000e530                TEE_GetObjectValueAttribute
                0x000000000000e628                TEE_CloseObject
                0x000000000000e650                TEE_AllocateTransientObject
                0x000000000000e6d0                TEE_FreeTransientObject
                0x000000000000e724                TEE_ResetTransientObject
                0x000000000000e778                TEE_PopulateTransientObject
                0x000000000000e848                TEE_InitRefAttribute
                0x000000000000e898                TEE_InitValueAttribute
                0x000000000000e8e4                TEE_CopyObjectAttributes1
                0x000000000000e990                TEE_CopyObjectAttributes
                0x000000000000e9e4                TEE_GenerateKey
                0x000000000000ea84                TEE_OpenPersistentObject
                0x000000000000eb50                TEE_CreatePersistentObject
                0x000000000000ec44                TEE_CloseAndDeletePersistentObject1
                0x000000000000ec8c                TEE_CloseAndDeletePersistentObject
                0x000000000000ecb8                TEE_RenamePersistentObject
                0x000000000000ed18                TEE_AllocatePersistentObjectEnumerator
                0x000000000000ed74                TEE_FreePersistentObjectEnumerator
                0x000000000000ed9c                TEE_ResetPersistentObjectEnumerator
                0x000000000000edc4                TEE_StartPersistentObjectEnumerator
                0x000000000000ee14                TEE_GetNextPersistentObject
                0x000000000000eecc                TEE_ReadObjectData
                0x000000000000ef60                TEE_WriteObjectData
                0x000000000000efc8                TEE_TruncateObjectData
                0x000000000000f028                TEE_SeekObjectData
 .text          0x000000000000f100      0x230 /home/cheonsh/Linux_for_Tegra/public_sources/Linux_for_Tegra/source/public/nvidia-jetson-optee-source/optee/build/t194/export-ta_arm64/lib/libutee.a(tee_system_pta.o)
                0x000000000000f188                tee_map_zi
                0x000000000000f1ec                tee_unmap
                0x000000000000f278                tee_invoke_supp_plugin
 .text          0x000000000000f330      0x34c /home/cheonsh/Linux_for_Tegra/public_sources/Linux_for_Tegra/source/public/nvidia-jetson-optee-source/optee/build/t194/export-ta_arm64/lib/libutee.a(tcb.o)
                0x000000000000f330                __utee_tcb_init
                0x000000000000f570                __tls_get_addr
                0x000000000000f58c                dl_iterate_phdr
 .text          0x000000000000f67c     0x4054 /home/cheonsh/Linux_for_Tegra/public_sources/Linux_for_Tegra/source/public/nvidia-jetson-optee-source/optee/build/t194/export-ta_arm64/lib/libmbedtls.a(bignum.o)
                0x000000000000fe20                mbedtls_mpi_init
                0x000000000000fe30                mbedtls_mpi_init_mempool
                0x000000000000fe58                mbedtls_mpi_free
                0x000000000000fec4                mbedtls_mpi_grow
                0x0000000000010018                mbedtls_mpi_shrink
                0x0000000000010138                mbedtls_mpi_copy
                0x0000000000010204                mbedtls_mpi_swap
                0x0000000000010264                mbedtls_mpi_safe_cond_assign
                0x0000000000010314                mbedtls_mpi_safe_cond_swap
                0x0000000000010414                mbedtls_mpi_lset
                0x000000000001047c                mbedtls_mpi_get_bit
                0x00000000000104a8                mbedtls_mpi_set_bit
                0x0000000000010534                mbedtls_mpi_lsb
                0x0000000000010588                mbedtls_mpi_bitlen
                0x00000000000105e4                mbedtls_mpi_size
                0x0000000000010600                mbedtls_mpi_read_binary_le
                0x0000000000010678                mbedtls_mpi_read_binary
                0x00000000000106fc                mbedtls_mpi_write_binary_le
                0x00000000000107b4                mbedtls_mpi_write_binary
                0x0000000000010878                mbedtls_mpi_shift_l
                0x0000000000010988                mbedtls_mpi_shift_r
                0x0000000000010a48                mbedtls_mpi_cmp_abs
                0x0000000000010ae4                mbedtls_mpi_cmp_mpi
                0x0000000000010bb8                mbedtls_mpi_lt_mpi_ct
                0x0000000000010c84                mbedtls_mpi_cmp_int
                0x0000000000010cc4                mbedtls_mpi_add_abs
                0x0000000000010de4                mbedtls_mpi_sub_abs
                0x0000000000010f40                mbedtls_mpi_add_mpi
                0x0000000000010fc8                mbedtls_mpi_sub_mpi
                0x0000000000011054                mbedtls_mpi_add_int
                0x0000000000011094                mbedtls_mpi_sub_int
                0x00000000000110d4                mbedtls_mpi_mul_mpi
                0x000000000001124c                mbedtls_mpi_mul_int
                0x00000000000112f4                mbedtls_mpi_read_string
                0x00000000000114cc                mbedtls_mpi_div_mpi
                0x00000000000119d0                mbedtls_mpi_div_int
                0x0000000000011a10                mbedtls_mpi_mod_mpi
                0x0000000000011ac4                mbedtls_mpi_mod_int
                0x0000000000011b64                mbedtls_mpi_write_string
                0x0000000000011e30                mbedtls_mpi_montg_init
                0x0000000000011e38                mbedtls_mpi_montmul
                0x0000000000011e40                mbedtls_mpi_montred
                0x0000000000011e44                mbedtls_mpi_exp_mod
                0x00000000000124e8                mbedtls_mpi_gcd
                0x000000000001268c                mbedtls_mpi_fill_random
                0x0000000000012964                mbedtls_mpi_random
                0x0000000000012ae8                mbedtls_mpi_inv_mod
                0x0000000000012f0c                mbedtls_mpi_is_prime_ext
                0x0000000000012fb4                mbedtls_mpi_is_prime
                0x0000000000012fc4                mbedtls_mpi_gen_prime
                0x00000000000132dc                mbedtls_mpi_self_test
 .text          0x00000000000136d0       0x20 /home/cheonsh/Linux_for_Tegra/public_sources/Linux_for_Tegra/source/public/nvidia-jetson-optee-source/optee/build/t194/export-ta_arm64/lib/libmbedtls.a(platform_util.o)
                0x00000000000136d0                mbedtls_platform_zeroize
 .text          0x00000000000136f0       0xd0 /home/cheonsh/Linux_for_Tegra/public_sources/Linux_for_Tegra/source/public/nvidia-jetson-optee-source/optee/build/t194/export-ta_arm64/lib/libutils.a(snprintf.o)
                0x00000000000136f0                snprintf
                0x0000000000013768                vsnprintf
 .text          0x00000000000137c0       0x5c /home/cheonsh/Linux_for_Tegra/public_sources/Linux_for_Tegra/source/public/nvidia-jetson-optee-source/optee/build/t194/export-ta_arm64/lib/libutils.a(memmove.o)
                0x00000000000137c0                memmove
 .text          0x000000000001381c      0x190 /home/cheonsh/Linux_for_Tegra/public_sources/Linux_for_Tegra/source/public/nvidia-jetson-optee-source/optee/build/t194/export-ta_arm64/lib/libutils.a(mempool.o)
                0x000000000001381c                mempool_alloc_pool
                0x00000000000138e4                mempool_alloc
                0x0000000000013948                mempool_calloc
                0x0000000000013998                mempool_free
 .text          0x00000000000139ac       0x70 /home/cheonsh/Linux_for_Tegra/public_sources/Linux_for_Tegra/source/public/nvidia-jetson-optee-source/optee/build/t194/export-ta_arm64/lib/libutils.a(consttime_memcmp.o)
                0x00000000000139ac                consttime_memcmp
 .text          0x0000000000013a1c        0x0 /home/cheonsh/Linux_for_Tegra/public_sources/Linux_for_Tegra/source/public/nvidia-jetson-optee-source/optee/build/t194/export-ta_arm64/lib/libutee.a(utee_syscalls_a64.o)
 .text          0x0000000000013a1c        0x0 /home/cheonsh/Linux_for_Tegra/public_sources/Linux_for_Tegra/source/public/nvidia-jetson-optee-source/optee/build/t194/export-ta_arm64/lib/libutee.a(abort.o)
 *(SORT_BY_ALIGNMENT(.stub))
 *(SORT_BY_ALIGNMENT(.glue_7))
 *(SORT_BY_ALIGNMENT(.glue_7t))
 *(SORT_BY_ALIGNMENT(.gnu.linkonce.t.*))
 *(SORT_BY_ALIGNMENT(.vfp11_veneer))
                0x0000000000013a1c                __text_end = .

.note.gnu.property
 *(SORT_BY_ALIGNMENT(.note.gnu.property))

.plt            0x0000000000013a1c        0x0
 *(SORT_BY_ALIGNMENT(.plt))
 .plt           0x0000000000013a1c        0x0 ./activations_TA.o

.eh_frame_hdr
 *(SORT_BY_ALIGNMENT(.eh_frame_hdr))
 *(SORT_BY_ALIGNMENT(.eh_frame_entry) SORT_BY_ALIGNMENT(.eh_frame_entry.*))

.eh_frame       0x0000000000013a20     0x4114
 *(SORT_BY_ALIGNMENT(.eh_frame))
 .eh_frame      0x0000000000013a20      0x128 ./activations_TA.o
 .eh_frame      0x0000000000013b48      0x1b8 ./aes_TA.o
                                        0x1c8 (size before relaxing)
 .eh_frame      0x0000000000013d00       0x78 ./avgpool_layer_TA.o
                                         0x88 (size before relaxing)
 .eh_frame      0x0000000000013d78      0x198 ./batchnorm_layer_TA.o
                                        0x1b0 (size before relaxing)
 .eh_frame      0x0000000000013f10      0x210 ./blas_TA.o
                                        0x220 (size before relaxing)
 .eh_frame      0x0000000000014120       0x58 ./col2im_TA.o
                                         0x70 (size before relaxing)
 .eh_frame      0x0000000000014178      0x120 ./connected_layer_TA.o
                                        0x130 (size before relaxing)
 .eh_frame      0x0000000000014298      0x218 ./convolutional_layer_TA.o
                                        0x228 (size before relaxing)
 .eh_frame      0x00000000000144b0       0xc8 ./cost_layer_TA.o
                                         0xe0 (size before relaxing)
 .eh_frame      0x0000000000014578      0x320 ./darknetp_ta.o
                                        0x338 (size before relaxing)
 .eh_frame      0x0000000000014898       0x40 ./diffprivate_TA.o
                                         0x50 (size before relaxing)
 .eh_frame      0x00000000000148d8       0xb0 ./dropout_layer_TA.o
                                         0xc8 (size before relaxing)
 .eh_frame      0x0000000000014988       0x78 ./gemm_TA.o
                                         0x90 (size before relaxing)
 .eh_frame      0x0000000000014a00       0x58 ./im2col_TA.o
                                         0x70 (size before relaxing)
 .eh_frame      0x0000000000014a58      0x368 ./math_TA.o
                                        0x380 (size before relaxing)
 .eh_frame      0x0000000000014dc0       0xc0 ./maxpool_layer_TA.o
                                         0xd8 (size before relaxing)
 .eh_frame      0x0000000000014e80      0x198 ./network_TA.o
                                        0x1b0 (size before relaxing)
 .eh_frame      0x0000000000015018       0xe0 ./parser_TA.o
                                         0xf8 (size before relaxing)
 .eh_frame      0x00000000000150f8       0xa8 ./softmax_layer_TA.o
                                         0xb8 (size before relaxing)
 .eh_frame      0x00000000000151a0       0x88 ./utils_TA.o
                                         0xa0 (size before relaxing)
 .eh_frame      0x0000000000015228       0x30 ./user_ta_header.o
                                         0x40 (size before relaxing)
 .eh_frame      0x0000000000015258      0x260 /home/cheonsh/Linux_for_Tegra/public_sources/Linux_for_Tegra/source/public/nvidia-jetson-optee-source/optee/build/t194/export-ta_arm64/lib/libutils.a(bget_malloc.o)
                                        0x270 (size before relaxing)
 .eh_frame      0x00000000000154b8       0x18 /home/cheonsh/Linux_for_Tegra/public_sources/Linux_for_Tegra/source/public/nvidia-jetson-optee-source/optee/build/t194/export-ta_arm64/lib/libutils.a(memcpy.o)
                                         0x28 (size before relaxing)
 .eh_frame      0x00000000000154d0       0x18 /home/cheonsh/Linux_for_Tegra/public_sources/Linux_for_Tegra/source/public/nvidia-jetson-optee-source/optee/build/t194/export-ta_arm64/lib/libutils.a(memset.o)
                                         0x28 (size before relaxing)
 .eh_frame      0x00000000000154e8       0x18 /home/cheonsh/Linux_for_Tegra/public_sources/Linux_for_Tegra/source/public/nvidia-jetson-optee-source/optee/build/t194/export-ta_arm64/lib/libutils.a(strcmp.o)
                                         0x28 (size before relaxing)
 .eh_frame      0x0000000000015500       0x18 /home/cheonsh/Linux_for_Tegra/public_sources/Linux_for_Tegra/source/public/nvidia-jetson-optee-source/optee/build/t194/export-ta_arm64/lib/libutils.a(strncmp.o)
                                         0x28 (size before relaxing)
 .eh_frame      0x0000000000015518       0xa0 /home/cheonsh/Linux_for_Tegra/public_sources/Linux_for_Tegra/source/public/nvidia-jetson-optee-source/optee/build/t194/export-ta_arm64/lib/libutils.a(trace.o)
                                         0xb8 (size before relaxing)
 .eh_frame      0x00000000000155b8       0xe8 /home/cheonsh/Linux_for_Tegra/public_sources/Linux_for_Tegra/source/public/nvidia-jetson-optee-source/optee/build/t194/export-ta_arm64/lib/libutils.a(snprintk.o)
                                        0x100 (size before relaxing)
 .eh_frame      0x00000000000156a0       0x18 /home/cheonsh/Linux_for_Tegra/public_sources/Linux_for_Tegra/source/public/nvidia-jetson-optee-source/optee/build/t194/export-ta_arm64/lib/libutils.a(memchr.o)
                                         0x28 (size before relaxing)
 .eh_frame      0x00000000000156b8       0x18 /home/cheonsh/Linux_for_Tegra/public_sources/Linux_for_Tegra/source/public/nvidia-jetson-optee-source/optee/build/t194/export-ta_arm64/lib/libutils.a(strlen.o)
                                         0x28 (size before relaxing)
 .eh_frame      0x00000000000156d0       0x38 /home/cheonsh/Linux_for_Tegra/public_sources/Linux_for_Tegra/source/public/nvidia-jetson-optee-source/optee/build/t194/export-ta_arm64/lib/libutee.a(assert.o)
                                         0x50 (size before relaxing)
 .eh_frame      0x0000000000015708       0xb0 /home/cheonsh/Linux_for_Tegra/public_sources/Linux_for_Tegra/source/public/nvidia-jetson-optee-source/optee/build/t194/export-ta_arm64/lib/libutee.a(trace_ext.o)
                                         0xc0 (size before relaxing)
 .eh_frame      0x00000000000157b8      0x610 /home/cheonsh/Linux_for_Tegra/public_sources/Linux_for_Tegra/source/public/nvidia-jetson-optee-source/optee/build/t194/export-ta_arm64/lib/libutee.a(tee_api_operations.o)
                                        0x628 (size before relaxing)
 .eh_frame      0x0000000000015dc8      0x110 /home/cheonsh/Linux_for_Tegra/public_sources/Linux_for_Tegra/source/public/nvidia-jetson-optee-source/optee/build/t194/export-ta_arm64/lib/libutee.a(tee_api_panic.o)
                                        0x128 (size before relaxing)
 .eh_frame      0x0000000000015ed8      0x168 /home/cheonsh/Linux_for_Tegra/public_sources/Linux_for_Tegra/source/public/nvidia-jetson-optee-source/optee/build/t194/export-ta_arm64/lib/libutee.a(user_ta_entry.o)
                                        0x178 (size before relaxing)
 .eh_frame      0x0000000000016040       0x18 /home/cheonsh/Linux_for_Tegra/public_sources/Linux_for_Tegra/source/public/nvidia-jetson-optee-source/optee/build/t194/export-ta_arm64/lib/libutee.a(abort.o)
                                         0x30 (size before relaxing)
 .eh_frame      0x0000000000016058      0x348 /home/cheonsh/Linux_for_Tegra/public_sources/Linux_for_Tegra/source/public/nvidia-jetson-optee-source/optee/build/t194/export-ta_arm64/lib/libutee.a(tee_api.o)
                                        0x358 (size before relaxing)
 .eh_frame      0x00000000000163a0      0x628 /home/cheonsh/Linux_for_Tegra/public_sources/Linux_for_Tegra/source/public/nvidia-jetson-optee-source/optee/build/t194/export-ta_arm64/lib/libutee.a(tee_api_arith_mpi.o)
                                        0x640 (size before relaxing)
 .eh_frame      0x00000000000169c8      0x500 /home/cheonsh/Linux_for_Tegra/public_sources/Linux_for_Tegra/source/public/nvidia-jetson-optee-source/optee/build/t194/export-ta_arm64/lib/libutee.a(tee_api_objects.o)
                                        0x518 (size before relaxing)
 .eh_frame      0x0000000000016ec8       0xa8 /home/cheonsh/Linux_for_Tegra/public_sources/Linux_for_Tegra/source/public/nvidia-jetson-optee-source/optee/build/t194/export-ta_arm64/lib/libutee.a(tee_system_pta.o)
                                         0xc0 (size before relaxing)
 .eh_frame      0x0000000000016f70       0x90 /home/cheonsh/Linux_for_Tegra/public_sources/Linux_for_Tegra/source/public/nvidia-jetson-optee-source/optee/build/t194/export-ta_arm64/lib/libutee.a(tcb.o)
                                         0xa8 (size before relaxing)
 .eh_frame      0x0000000000017000      0xa18 /home/cheonsh/Linux_for_Tegra/public_sources/Linux_for_Tegra/source/public/nvidia-jetson-optee-source/optee/build/t194/export-ta_arm64/lib/libmbedtls.a(bignum.o)
                                        0xa28 (size before relaxing)
 .eh_frame      0x0000000000017a18       0x18 /home/cheonsh/Linux_for_Tegra/public_sources/Linux_for_Tegra/source/public/nvidia-jetson-optee-source/optee/build/t194/export-ta_arm64/lib/libmbedtls.a(platform_util.o)
                                         0x28 (size before relaxing)
 .eh_frame      0x0000000000017a30       0x48 /home/cheonsh/Linux_for_Tegra/public_sources/Linux_for_Tegra/source/public/nvidia-jetson-optee-source/optee/build/t194/export-ta_arm64/lib/libutils.a(snprintf.o)
                                         0x60 (size before relaxing)
 .eh_frame      0x0000000000017a78       0x18 /home/cheonsh/Linux_for_Tegra/public_sources/Linux_for_Tegra/source/public/nvidia-jetson-optee-source/optee/build/t194/export-ta_arm64/lib/libutils.a(memmove.o)
                                         0x28 (size before relaxing)
 .eh_frame      0x0000000000017a90       0x88 /home/cheonsh/Linux_for_Tegra/public_sources/Linux_for_Tegra/source/public/nvidia-jetson-optee-source/optee/build/t194/export-ta_arm64/lib/libutils.a(mempool.o)
                                         0xa0 (size before relaxing)
 .eh_frame      0x0000000000017b18       0x1c /home/cheonsh/Linux_for_Tegra/public_sources/Linux_for_Tegra/source/public/nvidia-jetson-optee-source/optee/build/t194/export-ta_arm64/lib/libutils.a(consttime_memcmp.o)
                                         0x30 (size before relaxing)
 *(SORT_BY_ALIGNMENT(.eh_frame.*))

.gcc_except_table
 *(SORT_BY_ALIGNMENT(.gcc_except_table) SORT_BY_ALIGNMENT(.gcc_except_table.*))

.rodata         0x0000000000017b38     0x174e
 *(SORT_BY_ALIGNMENT(.gnu.linkonce.r.*))
 *(SORT_BY_ALIGNMENT(.rodata) SORT_BY_ALIGNMENT(.rodata.*))
 .rodata.cst8   0x0000000000017b38       0x30 ./activations_TA.o
 .rodata.cst8   0x0000000000017b68        0x8 ./blas_TA.o
 .rodata.cst8   0x0000000000017b70        0x8 ./diffprivate_TA.o
 .rodata.cst8   0x0000000000017b78       0x50 ./math_TA.o
                                         0x58 (size before relaxing)
 .rodata.cst8   0x0000000000017bc8        0x8 ./network_TA.o
                                         0x10 (size before relaxing)
 .rodata.user_ta_header.c
                0x0000000000017bd0       0x23 ./user_ta_header.o
                0x0000000000017bd0                ta_num_props
                0x0000000000017be8                ta_heap_size
                0x0000000000017bf0                trace_ext_prefix
 *fill*         0x0000000000017bf3        0x1 
 .rodata.activations_TA.c
                0x0000000000017bf4       0x3a ./activations_TA.o
 *fill*         0x0000000000017c2e        0x2 
 .rodata.cst4   0x0000000000017c30        0xc ./activations_TA.o
 .rodata.cst4   0x0000000000017c3c        0x8 ./batchnorm_layer_TA.o
                                          0xc (size before relaxing)
 .rodata.cst4   0x0000000000017c44        0x4 ./blas_TA.o
 .rodata.cost_layer_TA.c
                0x0000000000017c48       0x16 ./cost_layer_TA.o
 *fill*         0x0000000000017c5e        0x2 
 .rodata.cst4   0x0000000000017c60        0x4 ./cost_layer_TA.o
 .rodata.darknetp_ta.c
                0x0000000000017c64       0x94 ./darknetp_ta.o
 .rodata.cst4   0x0000000000017cf8        0x4 ./darknetp_ta.o
 .rodata.cst4   0x0000000000017cf8        0x4 ./maxpool_layer_TA.o
 .rodata.lib/libutils/ext/snprintk.c
                0x0000000000017cf8       0xac /home/cheonsh/Linux_for_Tegra/public_sources/Linux_for_Tegra/source/public/nvidia-jetson-optee-source/optee/build/t194/export-ta_arm64/lib/libutils.a(snprintk.o)
 .rodata.lib/libutee/tee_api_operations.c
                0x0000000000017da4        0x6 /home/cheonsh/Linux_for_Tegra/public_sources/Linux_for_Tegra/source/public/nvidia-jetson-optee-source/optee/build/t194/export-ta_arm64/lib/libutee.a(tee_api_operations.o)
 *fill*         0x0000000000017daa        0x2 
 .rodata.lib/libutee/tee_system_pta.c
                0x0000000000017dac       0x31 /home/cheonsh/Linux_for_Tegra/public_sources/Linux_for_Tegra/source/public/nvidia-jetson-optee-source/optee/build/t194/export-ta_arm64/lib/libutee.a(tee_system_pta.o)
 *fill*         0x0000000000017ddd        0x3 
 .rodata.lib/libmbedtls/mbedtls/library/bignum.c
                0x0000000000017de0      0x2c4 /home/cheonsh/Linux_for_Tegra/public_sources/Linux_for_Tegra/source/public/nvidia-jetson-optee-source/optee/build/t194/export-ta_arm64/lib/libmbedtls.a(bignum.o)
 .rodata.str1.1.activations_TA.c
                0x00000000000180a4       0x4f ./activations_TA.o
                                         0x53 (size before relaxing)
 .rodata.aes_TA.c
                0x00000000000180f3      0x20b ./aes_TA.o
 .rodata.str1.1.cost_layer_TA.c
                0x00000000000182fe       0x4a ./cost_layer_TA.o
 .rodata.str1.1.darknetp_ta.c
                0x0000000000018348      0x18e ./darknetp_ta.o
 .rodata.str1.1.network_TA.c
                0x00000000000184d6       0x55 ./network_TA.o
 .rodata.network_TA.c
                0x000000000001852b       0x15 ./network_TA.o
 .rodata.str1.1.parser_TA.c
                0x0000000000018540       0x34 ./parser_TA.o
 .rodata.parser_TA.c
                0x0000000000018574       0x1b ./parser_TA.o
 .rodata.str1.1.softmax_layer_TA.c
                0x000000000001858f       0x26 ./softmax_layer_TA.o
 .rodata.softmax_layer_TA.c
                0x00000000000185b5       0x1a ./softmax_layer_TA.o
 .rodata.str1.1.user_ta_header.c
                0x00000000000185cf       0xfc ./user_ta_header.o
 .rodata.str1.1.lib/libutils/isoc/bget_malloc.c
                0x00000000000186cb      0x290 /home/cheonsh/Linux_for_Tegra/public_sources/Linux_for_Tegra/source/public/nvidia-jetson-optee-source/optee/build/t194/export-ta_arm64/lib/libutils.a(bget_malloc.o)
                                        0x29b (size before relaxing)
 .rodata.lib/libutils/isoc/bget_malloc.c
                0x000000000001895b       0x51 /home/cheonsh/Linux_for_Tegra/public_sources/Linux_for_Tegra/source/public/nvidia-jetson-optee-source/optee/build/t194/export-ta_arm64/lib/libutils.a(bget_malloc.o)
 .rodata.str1.1.lib/libutils/ext/trace.c
                0x00000000000189ac       0x1a /home/cheonsh/Linux_for_Tegra/public_sources/Linux_for_Tegra/source/public/nvidia-jetson-optee-source/optee/build/t194/export-ta_arm64/lib/libutils.a(trace.o)
                                         0x1b (size before relaxing)
 .rodata.lib/libutils/ext/trace.c
                0x00000000000189c6        0x5 /home/cheonsh/Linux_for_Tegra/public_sources/Linux_for_Tegra/source/public/nvidia-jetson-optee-source/optee/build/t194/export-ta_arm64/lib/libutils.a(trace.o)
 .rodata.str1.1.lib/libutils/ext/snprintk.c
                0x00000000000189cb       0x38 /home/cheonsh/Linux_for_Tegra/public_sources/Linux_for_Tegra/source/public/nvidia-jetson-optee-source/optee/build/t194/export-ta_arm64/lib/libutils.a(snprintk.o)
 .rodata.str1.1.lib/libutee/assert.c
                0x0000000000018a03       0x27 /home/cheonsh/Linux_for_Tegra/public_sources/Linux_for_Tegra/source/public/nvidia-jetson-optee-source/optee/build/t194/export-ta_arm64/lib/libutee.a(assert.o)
 .rodata.str1.1.lib/libutee/trace_ext.c
                0x0000000000018a2a       0x27 /home/cheonsh/Linux_for_Tegra/public_sources/Linux_for_Tegra/source/public/nvidia-jetson-optee-source/optee/build/t194/export-ta_arm64/lib/libutee.a(trace_ext.o)
                                          0x2 (size before relaxing)
 .rodata.str1.1.lib/libutee/arch/arm/user_ta_entry.c
                0x0000000000018a2a       0x19 /home/cheonsh/Linux_for_Tegra/public_sources/Linux_for_Tegra/source/public/nvidia-jetson-optee-source/optee/build/t194/export-ta_arm64/lib/libutee.a(user_ta_entry.o)
 .rodata.lib/libutee/arch/arm/user_ta_entry.c
                0x0000000000018a43       0x16 /home/cheonsh/Linux_for_Tegra/public_sources/Linux_for_Tegra/source/public/nvidia-jetson-optee-source/optee/build/t194/export-ta_arm64/lib/libutee.a(user_ta_entry.o)
 .rodata.str1.1.lib/libutee/abort.c
                0x0000000000018a59        0x7 /home/cheonsh/Linux_for_Tegra/public_sources/Linux_for_Tegra/source/public/nvidia-jetson-optee-source/optee/build/t194/export-ta_arm64/lib/libutee.a(abort.o)
 .rodata.str1.1.lib/libutee/tee_api.c
                0x0000000000018a60       0x11 /home/cheonsh/Linux_for_Tegra/public_sources/Linux_for_Tegra/source/public/nvidia-jetson-optee-source/optee/build/t194/export-ta_arm64/lib/libutee.a(tee_api.o)
 .rodata.lib/libutee/tee_api.c
                0x0000000000018a71        0xb /home/cheonsh/Linux_for_Tegra/public_sources/Linux_for_Tegra/source/public/nvidia-jetson-optee-source/optee/build/t194/export-ta_arm64/lib/libutee.a(tee_api.o)
 .rodata.str1.1.lib/libutee/tee_api_arith_mpi.c
                0x0000000000018a7c       0xb7 /home/cheonsh/Linux_for_Tegra/public_sources/Linux_for_Tegra/source/public/nvidia-jetson-optee-source/optee/build/t194/export-ta_arm64/lib/libutee.a(tee_api_arith_mpi.o)
 .rodata.lib/libutee/tee_api_arith_mpi.c
                0x0000000000018b33      0x13d /home/cheonsh/Linux_for_Tegra/public_sources/Linux_for_Tegra/source/public/nvidia-jetson-optee-source/optee/build/t194/export-ta_arm64/lib/libutee.a(tee_api_arith_mpi.o)
 .rodata.str1.1.lib/libutee/tee_system_pta.c
                0x0000000000018c70       0x55 /home/cheonsh/Linux_for_Tegra/public_sources/Linux_for_Tegra/source/public/nvidia-jetson-optee-source/optee/build/t194/export-ta_arm64/lib/libutee.a(tee_system_pta.o)
 .rodata.str1.1.lib/libutee/arch/arm/tcb.c
                0x0000000000018cc5       0x96 /home/cheonsh/Linux_for_Tegra/public_sources/Linux_for_Tegra/source/public/nvidia-jetson-optee-source/optee/build/t194/export-ta_arm64/lib/libutee.a(tcb.o)
 .rodata.lib/libutee/arch/arm/tcb.c
                0x0000000000018d5b       0x20 /home/cheonsh/Linux_for_Tegra/public_sources/Linux_for_Tegra/source/public/nvidia-jetson-optee-source/optee/build/t194/export-ta_arm64/lib/libutee.a(tcb.o)
 .rodata.str1.1.lib/libmbedtls/mbedtls/library/bignum.c
                0x0000000000018d7b      0x456 /home/cheonsh/Linux_for_Tegra/public_sources/Linux_for_Tegra/source/public/nvidia-jetson-optee-source/optee/build/t194/export-ta_arm64/lib/libmbedtls.a(bignum.o)
                                        0x45d (size before relaxing)
 .rodata.str1.1.lib/libutils/ext/mempool.c
                0x00000000000191d1       0x89 /home/cheonsh/Linux_for_Tegra/public_sources/Linux_for_Tegra/source/public/nvidia-jetson-optee-source/optee/build/t194/export-ta_arm64/lib/libutils.a(mempool.o)
 .rodata.lib/libutils/ext/mempool.c
                0x000000000001925a       0x2c /home/cheonsh/Linux_for_Tegra/public_sources/Linux_for_Tegra/source/public/nvidia-jetson-optee-source/optee/build/t194/export-ta_arm64/lib/libutils.a(mempool.o)

.gnu.version_d  0x0000000000019288        0x0
 .gnu.version_d
                0x0000000000019288        0x0 ./activations_TA.o

.gnu.version    0x0000000000019286        0x0
 .gnu.version   0x0000000000019286        0x0 ./activations_TA.o

.gnu.version_r  0x0000000000019288        0x0
 .gnu.version_r
                0x0000000000019288        0x0 ./activations_TA.o

.gnu.hash       0x0000000000019288       0x30
 .gnu.hash      0x0000000000019288       0x30 ./activations_TA.o

.ARM.extab
 *(SORT_BY_ALIGNMENT(.ARM.extab*) SORT_BY_ALIGNMENT(.gnu.linkonce.armextab.*))
                [!provide]                        PROVIDE (__exidx_start = .)

.ARM.exidx
 *(SORT_BY_ALIGNMENT(.ARM.exidx*) SORT_BY_ALIGNMENT(.gnu.linkonce.armexidx.*))
                [!provide]                        PROVIDE (__exidx_end = .)

.ctors
 *(SORT_BY_ALIGNMENT(.ctors))

.dtors
 *(SORT_BY_ALIGNMENT(.dtors))

.dynsym         0x00000000000192b8       0x90
 *(SORT_BY_ALIGNMENT(.dynsym))
 .dynsym        0x00000000000192b8       0x90 ./activations_TA.o

.dynstr         0x0000000000019348       0x2e
 *(SORT_BY_ALIGNMENT(.dynstr))
 .dynstr        0x0000000000019348       0x2e ./activations_TA.o

.hash           0x0000000000019378       0x2c
 *(SORT_BY_ALIGNMENT(.hash))
 .hash          0x0000000000019378       0x2c ./activations_TA.o

.rela.dyn       0x00000000000193a8      0x228
 .rela.data.rel.ro
                0x00000000000193a8        0x0 ./activations_TA.o
 .rela.ifunc    0x00000000000193a8        0x0 ./activations_TA.o
 .rela.data.rel.ro.local
                0x00000000000193a8      0x1b0 ./activations_TA.o
 .rela.data.rel.local
                0x0000000000019558       0x60 ./activations_TA.o
 .rela.data.rel
                0x00000000000195b8       0x18 ./activations_TA.o
                0x000000000001a000                . = ALIGN (0x1000)

.dynamic        0x000000000001a000      0x110
 *(SORT_BY_ALIGNMENT(.dynamic))
 .dynamic       0x000000000001a000      0x110 ./activations_TA.o
                0x000000000001a000                _DYNAMIC

.tdata
 *(SORT_BY_ALIGNMENT(.tdata) SORT_BY_ALIGNMENT(.tdata.*) SORT_BY_ALIGNMENT(.gnu.linkonce.td.*))

.tbss
 *(SORT_BY_ALIGNMENT(.tbss) SORT_BY_ALIGNMENT(.tbss.*) SORT_BY_ALIGNMENT(.gnu.linkonce.tb.*))
 *(SORT_BY_ALIGNMENT(.tcommon))

.got            0x000000000001a110      0x178
 *(SORT_BY_ALIGNMENT(.got.plt))
 .got.plt       0x000000000001a110       0x18 ./activations_TA.o
 *(SORT_BY_ALIGNMENT(.got))
 .got           0x000000000001a128      0x160 ./activations_TA.o
                0x000000000001a128                _GLOBAL_OFFSET_TABLE_

.rel.text
 *(SORT_BY_ALIGNMENT(.rel.text))
 *(SORT_BY_ALIGNMENT(.rel.gnu.linkonce.t*))

.rela.text
 *(SORT_BY_ALIGNMENT(.rela.text))
 *(SORT_BY_ALIGNMENT(.rela.gnu.linkonce.t*))

.rel.data
 *(SORT_BY_ALIGNMENT(.rel.data))
 *(SORT_BY_ALIGNMENT(.rel.gnu.linkonce.d*))

.rela.data
 *(SORT_BY_ALIGNMENT(.rela.data))
 *(SORT_BY_ALIGNMENT(.rela.gnu.linkonce.d*))

.rel.tdata
 *(SORT_BY_ALIGNMENT(.rel.tdata) SORT_BY_ALIGNMENT(.rel.tdata.*) SORT_BY_ALIGNMENT(.rel.gnu.linkonce.td.*))

.rela.tdata
 *(SORT_BY_ALIGNMENT(.rela.tdata) SORT_BY_ALIGNMENT(.rela.tdata.*) SORT_BY_ALIGNMENT(.rela.gnu.linkonce.td.*))

.rel.tbss
 *(SORT_BY_ALIGNMENT(.rel.tbss) SORT_BY_ALIGNMENT(.rel.tbss.*) SORT_BY_ALIGNMENT(.rel.gnu.linkonce.tb.*))

.rela.tbss
 *(SORT_BY_ALIGNMENT(.rela.tbss) SORT_BY_ALIGNMENT(.rela.tbss.*) SORT_BY_ALIGNMENT(.rela.gnu.linkonce.tb.*))

.rel.rodata
 *(SORT_BY_ALIGNMENT(.rel.rodata))
 *(SORT_BY_ALIGNMENT(.rel.gnu.linkonce.r*))

.rela.rodata
 *(SORT_BY_ALIGNMENT(.rela.rodata))
 *(SORT_BY_ALIGNMENT(.rela.gnu.linkonce.r*))

.rel.dyn
 *(SORT_BY_ALIGNMENT(.rel.dyn))

.rel.got
 *(SORT_BY_ALIGNMENT(.rel.got))

.rela.got       0x000000000001a288      0x408
 *(SORT_BY_ALIGNMENT(.rela.got))
 .rela.got      0x000000000001a288      0x408 ./activations_TA.o

.rel.ctors
 *(SORT_BY_ALIGNMENT(.rel.ctors))

.rela.ctors
 *(SORT_BY_ALIGNMENT(.rela.ctors))

.rel.dtors
 *(SORT_BY_ALIGNMENT(.rel.dtors))

.rela.dtors
 *(SORT_BY_ALIGNMENT(.rela.dtors))

.rel.init
 *(SORT_BY_ALIGNMENT(.rel.init))

.rela.init
 *(SORT_BY_ALIGNMENT(.rela.init))

.rel.fini
 *(SORT_BY_ALIGNMENT(.rel.fini))

.rela.fini
 *(SORT_BY_ALIGNMENT(.rela.fini))

.rel.bss
 *(SORT_BY_ALIGNMENT(.rel.bss))

.rela.bss       0x000000000001a690        0x0
 *(SORT_BY_ALIGNMENT(.rela.bss))
 .rela.bss      0x000000000001a690        0x0 ./activations_TA.o

.rel.plt
 *(SORT_BY_ALIGNMENT(.rel.plt))

.rela.plt       0x000000000001a690        0x0
 *(SORT_BY_ALIGNMENT(.rela.plt))
 .rela.plt      0x000000000001a690        0x0 ./activations_TA.o

.data           0x000000000001a690      0x13c
 *(SORT_BY_ALIGNMENT(.data) SORT_BY_ALIGNMENT(.data.*) SORT_BY_ALIGNMENT(.gnu.linkonce.d.*))
 .data.rel.ro.local
                0x000000000001a690       0xd8 ./user_ta_header.o
                0x000000000001a690                ta_props
 .data.rel.local
                0x000000000001a768       0x30 /home/cheonsh/Linux_for_Tegra/public_sources/Linux_for_Tegra/source/public/nvidia-jetson-optee-source/optee/build/t194/export-ta_arm64/lib/libutils.a(bget_malloc.o)
 .data.rel.local
                0x000000000001a798       0x20 /home/cheonsh/Linux_for_Tegra/public_sources/Linux_for_Tegra/source/public/nvidia-jetson-optee-source/optee/build/t194/export-ta_arm64/lib/libutee.a(user_ta_entry.o)
 .data.rel      0x000000000001a7b8        0x8 /home/cheonsh/Linux_for_Tegra/public_sources/Linux_for_Tegra/source/public/nvidia-jetson-optee-source/optee/build/t194/export-ta_arm64/lib/libmbedtls.a(platform_util.o)
 .data          0x000000000001a7c0        0x4 ./darknetp_ta.o
                0x000000000001a7c0                norm_output
 .data          0x000000000001a7c4        0x4 ./network_TA.o
                0x000000000001a7c4                avg_loss
 .data          0x000000000001a7c8        0x4 ./user_ta_header.o
                0x000000000001a7c8                trace_level
 .data          0x000000000001a7cc        0x0 ./activations_TA.o
 .data.rel.ro   0x000000000001a7cc        0x0 ./activations_TA.o
 .data          0x000000000001a7cc        0x0 ./aes_TA.o
 .data          0x000000000001a7cc        0x0 ./avgpool_layer_TA.o
 .data          0x000000000001a7cc        0x0 ./batchnorm_layer_TA.o
 .data          0x000000000001a7cc        0x0 ./blas_TA.o
 .data          0x000000000001a7cc        0x0 ./col2im_TA.o
 .data          0x000000000001a7cc        0x0 ./connected_layer_TA.o
 .data          0x000000000001a7cc        0x0 ./convolutional_layer_TA.o
 .data          0x000000000001a7cc        0x0 ./cost_layer_TA.o
 .data          0x000000000001a7cc        0x0 ./diffprivate_TA.o
 .data          0x000000000001a7cc        0x0 ./dropout_layer_TA.o
 .data          0x000000000001a7cc        0x0 ./gemm_TA.o
 .data          0x000000000001a7cc        0x0 ./im2col_TA.o
 .data          0x000000000001a7cc        0x0 ./math_TA.o
 .data          0x000000000001a7cc        0x0 ./maxpool_layer_TA.o
 .data          0x000000000001a7cc        0x0 ./parser_TA.o
 .data          0x000000000001a7cc        0x0 ./softmax_layer_TA.o
 .data          0x000000000001a7cc        0x0 ./utils_TA.o
 .data          0x000000000001a7cc        0x0 /home/cheonsh/Linux_for_Tegra/public_sources/Linux_for_Tegra/source/public/nvidia-jetson-optee-source/optee/build/t194/export-ta_arm64/lib/libutils.a(bget_malloc.o)
 .data          0x000000000001a7cc        0x0 /home/cheonsh/Linux_for_Tegra/public_sources/Linux_for_Tegra/source/public/nvidia-jetson-optee-source/optee/build/t194/export-ta_arm64/lib/libutils.a(memcpy.o)
 .data          0x000000000001a7cc        0x0 /home/cheonsh/Linux_for_Tegra/public_sources/Linux_for_Tegra/source/public/nvidia-jetson-optee-source/optee/build/t194/export-ta_arm64/lib/libutils.a(memset.o)
 .data          0x000000000001a7cc        0x0 /home/cheonsh/Linux_for_Tegra/public_sources/Linux_for_Tegra/source/public/nvidia-jetson-optee-source/optee/build/t194/export-ta_arm64/lib/libutils.a(strcmp.o)
 .data          0x000000000001a7cc        0x0 /home/cheonsh/Linux_for_Tegra/public_sources/Linux_for_Tegra/source/public/nvidia-jetson-optee-source/optee/build/t194/export-ta_arm64/lib/libutils.a(strncmp.o)
 .data          0x000000000001a7cc        0x0 /home/cheonsh/Linux_for_Tegra/public_sources/Linux_for_Tegra/source/public/nvidia-jetson-optee-source/optee/build/t194/export-ta_arm64/lib/libutils.a(trace.o)
 .data          0x000000000001a7cc        0x0 /home/cheonsh/Linux_for_Tegra/public_sources/Linux_for_Tegra/source/public/nvidia-jetson-optee-source/optee/build/t194/export-ta_arm64/lib/libutils.a(snprintk.o)
 .data          0x000000000001a7cc        0x0 /home/cheonsh/Linux_for_Tegra/public_sources/Linux_for_Tegra/source/public/nvidia-jetson-optee-source/optee/build/t194/export-ta_arm64/lib/libutils.a(memchr.o)
 .data          0x000000000001a7cc        0x0 /home/cheonsh/Linux_for_Tegra/public_sources/Linux_for_Tegra/source/public/nvidia-jetson-optee-source/optee/build/t194/export-ta_arm64/lib/libutils.a(strlen.o)
 .data          0x000000000001a7cc        0x0 /home/cheonsh/Linux_for_Tegra/public_sources/Linux_for_Tegra/source/public/nvidia-jetson-optee-source/optee/build/t194/export-ta_arm64/lib/libutee.a(assert.o)
 .data          0x000000000001a7cc        0x0 /home/cheonsh/Linux_for_Tegra/public_sources/Linux_for_Tegra/source/public/nvidia-jetson-optee-source/optee/build/t194/export-ta_arm64/lib/libutee.a(trace_ext.o)
 .data          0x000000000001a7cc        0x0 /home/cheonsh/Linux_for_Tegra/public_sources/Linux_for_Tegra/source/public/nvidia-jetson-optee-source/optee/build/t194/export-ta_arm64/lib/libutee.a(tee_api_operations.o)
 .data          0x000000000001a7cc        0x0 /home/cheonsh/Linux_for_Tegra/public_sources/Linux_for_Tegra/source/public/nvidia-jetson-optee-source/optee/build/t194/export-ta_arm64/lib/libutee.a(tee_api_panic.o)
 .data          0x000000000001a7cc        0x0 /home/cheonsh/Linux_for_Tegra/public_sources/Linux_for_Tegra/source/public/nvidia-jetson-optee-source/optee/build/t194/export-ta_arm64/lib/libutee.a(utee_syscalls_a64.o)
 .data          0x000000000001a7cc        0x0 /home/cheonsh/Linux_for_Tegra/public_sources/Linux_for_Tegra/source/public/nvidia-jetson-optee-source/optee/build/t194/export-ta_arm64/lib/libutee.a(user_ta_entry.o)
 .data          0x000000000001a7cc        0x0 /home/cheonsh/Linux_for_Tegra/public_sources/Linux_for_Tegra/source/public/nvidia-jetson-optee-source/optee/build/t194/export-ta_arm64/lib/libutee.a(abort.o)
 .data          0x000000000001a7cc        0x0 /home/cheonsh/Linux_for_Tegra/public_sources/Linux_for_Tegra/source/public/nvidia-jetson-optee-source/optee/build/t194/export-ta_arm64/lib/libutee.a(tee_api.o)
 .data          0x000000000001a7cc        0x0 /home/cheonsh/Linux_for_Tegra/public_sources/Linux_for_Tegra/source/public/nvidia-jetson-optee-source/optee/build/t194/export-ta_arm64/lib/libutee.a(tee_api_arith_mpi.o)
 .data          0x000000000001a7cc        0x0 /home/cheonsh/Linux_for_Tegra/public_sources/Linux_for_Tegra/source/public/nvidia-jetson-optee-source/optee/build/t194/export-ta_arm64/lib/libutee.a(tee_api_objects.o)
 .data          0x000000000001a7cc        0x0 /home/cheonsh/Linux_for_Tegra/public_sources/Linux_for_Tegra/source/public/nvidia-jetson-optee-source/optee/build/t194/export-ta_arm64/lib/libutee.a(tee_system_pta.o)
 .data          0x000000000001a7cc        0x0 /home/cheonsh/Linux_for_Tegra/public_sources/Linux_for_Tegra/source/public/nvidia-jetson-optee-source/optee/build/t194/export-ta_arm64/lib/libutee.a(tcb.o)
 .data          0x000000000001a7cc        0x0 /home/cheonsh/Linux_for_Tegra/public_sources/Linux_for_Tegra/source/public/nvidia-jetson-optee-source/optee/build/t194/export-ta_arm64/lib/libmbedtls.a(bignum.o)
 .data          0x000000000001a7cc        0x0 /home/cheonsh/Linux_for_Tegra/public_sources/Linux_for_Tegra/source/public/nvidia-jetson-optee-source/optee/build/t194/export-ta_arm64/lib/libmbedtls.a(platform_util.o)
 .data          0x000000000001a7cc        0x0 /home/cheonsh/Linux_for_Tegra/public_sources/Linux_for_Tegra/source/public/nvidia-jetson-optee-source/optee/build/t194/export-ta_arm64/lib/libutils.a(snprintf.o)
 .data          0x000000000001a7cc        0x0 /home/cheonsh/Linux_for_Tegra/public_sources/Linux_for_Tegra/source/public/nvidia-jetson-optee-source/optee/build/t194/export-ta_arm64/lib/libutils.a(memmove.o)
 .data          0x000000000001a7cc        0x0 /home/cheonsh/Linux_for_Tegra/public_sources/Linux_for_Tegra/source/public/nvidia-jetson-optee-source/optee/build/t194/export-ta_arm64/lib/libutils.a(mempool.o)
 .data          0x000000000001a7cc        0x0 /home/cheonsh/Linux_for_Tegra/public_sources/Linux_for_Tegra/source/public/nvidia-jetson-optee-source/optee/build/t194/export-ta_arm64/lib/libutils.a(consttime_memcmp.o)

.bss            0x000000000001a7d0   0x5031e8
 *(SORT_BY_ALIGNMENT(.bss) SORT_BY_ALIGNMENT(.bss.*) SORT_BY_ALIGNMENT(.gnu.linkonce.b.*) SORT_BY_ALIGNMENT(COMMON))
 COMMON         0x000000000001a7d0        0x8 ./darknetp_ta.o
                0x000000000001a7d0                netta_truth
 COMMON         0x000000000001a7d8      0x130 ./network_TA.o
                0x000000000001a7d8                ta_net_delta
                0x000000000001a7e0                ta_net_input
                0x000000000001a7e8                netta
                0x000000000001a900                ta_net_output
 .bss           0x000000000001a908        0x9 /home/cheonsh/Linux_for_Tegra/public_sources/Linux_for_Tegra/source/public/nvidia-jetson-optee-source/optee/build/t194/export-ta_arm64/lib/libutee.a(user_ta_entry.o)
 *fill*         0x000000000001a911        0x7 
 COMMON         0x000000000001a918       0x58 /home/cheonsh/Linux_for_Tegra/public_sources/Linux_for_Tegra/source/public/nvidia-jetson-optee-source/optee/build/t194/export-ta_arm64/lib/libutee.a(user_ta_entry.o)
                0x000000000001a918                ta_param_types
                0x000000000001a920                ta_params
                0x000000000001a960                __elf_phdr_info
 .bss           0x000000000001a970        0x8 /home/cheonsh/Linux_for_Tegra/public_sources/Linux_for_Tegra/source/public/nvidia-jetson-optee-source/optee/build/t194/export-ta_arm64/lib/libutee.a(tee_api.o)
 .bss           0x000000000001a978     0x3000 /home/cheonsh/Linux_for_Tegra/public_sources/Linux_for_Tegra/source/public/nvidia-jetson-optee-source/optee/build/t194/export-ta_arm64/lib/libutee.a(tee_api_arith_mpi.o)
 .bss           0x000000000001d978        0x8 /home/cheonsh/Linux_for_Tegra/public_sources/Linux_for_Tegra/source/public/nvidia-jetson-optee-source/optee/build/t194/export-ta_arm64/lib/libutee.a(tee_system_pta.o)
 .bss           0x000000000001d980       0x10 /home/cheonsh/Linux_for_Tegra/public_sources/Linux_for_Tegra/source/public/nvidia-jetson-optee-source/optee/build/t194/export-ta_arm64/lib/libutee.a(tcb.o)
 COMMON         0x000000000001d990        0x8 /home/cheonsh/Linux_for_Tegra/public_sources/Linux_for_Tegra/source/public/nvidia-jetson-optee-source/optee/build/t194/export-ta_arm64/lib/libmbedtls.a(bignum.o)
                0x000000000001d990                mbedtls_mpi_mempool
 .bss           0x000000000001d998        0xc ./darknetp_ta.o
                0x000000000001d998                debug_summary_pass
                0x000000000001d99c                debug_summary_com
                0x000000000001d9a0                netnum
 .bss           0x000000000001d9a4        0x8 ./network_TA.o
                0x000000000001d9a4                err_sum
                0x000000000001d9a8                roundnum
 .bss           0x000000000001d9ac        0x8 ./utils_TA.o
 .bss           0x000000000001d9b4        0x0 ./activations_TA.o
 .bss           0x000000000001d9b4        0x0 ./aes_TA.o
 .bss           0x000000000001d9b4        0x0 ./avgpool_layer_TA.o
 .bss           0x000000000001d9b4        0x0 ./batchnorm_layer_TA.o
 .bss           0x000000000001d9b4        0x0 ./blas_TA.o
 .bss           0x000000000001d9b4        0x0 ./col2im_TA.o
 .bss           0x000000000001d9b4        0x0 ./connected_layer_TA.o
 .bss           0x000000000001d9b4        0x0 ./convolutional_layer_TA.o
 .bss           0x000000000001d9b4        0x0 ./cost_layer_TA.o
 .bss           0x000000000001d9b4        0x0 ./diffprivate_TA.o
 .bss           0x000000000001d9b4        0x0 ./dropout_layer_TA.o
 .bss           0x000000000001d9b4        0x0 ./gemm_TA.o
 .bss           0x000000000001d9b4        0x0 ./im2col_TA.o
 .bss           0x000000000001d9b4        0x0 ./math_TA.o
 .bss           0x000000000001d9b4        0x0 ./maxpool_layer_TA.o
 .bss           0x000000000001d9b4        0x0 ./parser_TA.o
 .bss           0x000000000001d9b4        0x0 ./softmax_layer_TA.o
 .bss           0x000000000001d9b4        0x0 ./user_ta_header.o
 COMMON         0x000000000001d9b4   0x500000 ./user_ta_header.o
                0x000000000001d9b4                ta_heap
 .bss           0x000000000051d9b4        0x0 /home/cheonsh/Linux_for_Tegra/public_sources/Linux_for_Tegra/source/public/nvidia-jetson-optee-source/optee/build/t194/export-ta_arm64/lib/libutils.a(bget_malloc.o)
 .bss           0x000000000051d9b4        0x0 /home/cheonsh/Linux_for_Tegra/public_sources/Linux_for_Tegra/source/public/nvidia-jetson-optee-source/optee/build/t194/export-ta_arm64/lib/libutils.a(memcpy.o)
 .bss           0x000000000051d9b4        0x0 /home/cheonsh/Linux_for_Tegra/public_sources/Linux_for_Tegra/source/public/nvidia-jetson-optee-source/optee/build/t194/export-ta_arm64/lib/libutils.a(memset.o)
 .bss           0x000000000051d9b4        0x0 /home/cheonsh/Linux_for_Tegra/public_sources/Linux_for_Tegra/source/public/nvidia-jetson-optee-source/optee/build/t194/export-ta_arm64/lib/libutils.a(strcmp.o)
 .bss           0x000000000051d9b4        0x0 /home/cheonsh/Linux_for_Tegra/public_sources/Linux_for_Tegra/source/public/nvidia-jetson-optee-source/optee/build/t194/export-ta_arm64/lib/libutils.a(strncmp.o)
 .bss           0x000000000051d9b4        0x0 /home/cheonsh/Linux_for_Tegra/public_sources/Linux_for_Tegra/source/public/nvidia-jetson-optee-source/optee/build/t194/export-ta_arm64/lib/libutils.a(trace.o)
 .bss           0x000000000051d9b4        0x0 /home/cheonsh/Linux_for_Tegra/public_sources/Linux_for_Tegra/source/public/nvidia-jetson-optee-source/optee/build/t194/export-ta_arm64/lib/libutils.a(snprintk.o)
 .bss           0x000000000051d9b4        0x0 /home/cheonsh/Linux_for_Tegra/public_sources/Linux_for_Tegra/source/public/nvidia-jetson-optee-source/optee/build/t194/export-ta_arm64/lib/libutils.a(memchr.o)
 .bss           0x000000000051d9b4        0x0 /home/cheonsh/Linux_for_Tegra/public_sources/Linux_for_Tegra/source/public/nvidia-jetson-optee-source/optee/build/t194/export-ta_arm64/lib/libutils.a(strlen.o)
 .bss           0x000000000051d9b4        0x0 /home/cheonsh/Linux_for_Tegra/public_sources/Linux_for_Tegra/source/public/nvidia-jetson-optee-source/optee/build/t194/export-ta_arm64/lib/libutee.a(assert.o)
 .bss           0x000000000051d9b4        0x0 /home/cheonsh/Linux_for_Tegra/public_sources/Linux_for_Tegra/source/public/nvidia-jetson-optee-source/optee/build/t194/export-ta_arm64/lib/libutee.a(trace_ext.o)
 .bss           0x000000000051d9b4        0x0 /home/cheonsh/Linux_for_Tegra/public_sources/Linux_for_Tegra/source/public/nvidia-jetson-optee-source/optee/build/t194/export-ta_arm64/lib/libutee.a(tee_api_operations.o)
 .bss           0x000000000051d9b4        0x0 /home/cheonsh/Linux_for_Tegra/public_sources/Linux_for_Tegra/source/public/nvidia-jetson-optee-source/optee/build/t194/export-ta_arm64/lib/libutee.a(tee_api_panic.o)
 .bss           0x000000000051d9b4        0x0 /home/cheonsh/Linux_for_Tegra/public_sources/Linux_for_Tegra/source/public/nvidia-jetson-optee-source/optee/build/t194/export-ta_arm64/lib/libutee.a(utee_syscalls_a64.o)
 .bss           0x000000000051d9b4        0x0 /home/cheonsh/Linux_for_Tegra/public_sources/Linux_for_Tegra/source/public/nvidia-jetson-optee-source/optee/build/t194/export-ta_arm64/lib/libutee.a(abort.o)
 .bss           0x000000000051d9b4        0x0 /home/cheonsh/Linux_for_Tegra/public_sources/Linux_for_Tegra/source/public/nvidia-jetson-optee-source/optee/build/t194/export-ta_arm64/lib/libutee.a(tee_api_objects.o)
 .bss           0x000000000051d9b4        0x0 /home/cheonsh/Linux_for_Tegra/public_sources/Linux_for_Tegra/source/public/nvidia-jetson-optee-source/optee/build/t194/export-ta_arm64/lib/libmbedtls.a(bignum.o)
 .bss           0x000000000051d9b4        0x0 /home/cheonsh/Linux_for_Tegra/public_sources/Linux_for_Tegra/source/public/nvidia-jetson-optee-source/optee/build/t194/export-ta_arm64/lib/libmbedtls.a(platform_util.o)
 .bss           0x000000000051d9b4        0x0 /home/cheonsh/Linux_for_Tegra/public_sources/Linux_for_Tegra/source/public/nvidia-jetson-optee-source/optee/build/t194/export-ta_arm64/lib/libutils.a(snprintf.o)
 .bss           0x000000000051d9b4        0x0 /home/cheonsh/Linux_for_Tegra/public_sources/Linux_for_Tegra/source/public/nvidia-jetson-optee-source/optee/build/t194/export-ta_arm64/lib/libutils.a(memmove.o)
 .bss           0x000000000051d9b4        0x0 /home/cheonsh/Linux_for_Tegra/public_sources/Linux_for_Tegra/source/public/nvidia-jetson-optee-source/optee/build/t194/export-ta_arm64/lib/libutils.a(mempool.o)
 .bss           0x000000000051d9b4        0x0 /home/cheonsh/Linux_for_Tegra/public_sources/Linux_for_Tegra/source/public/nvidia-jetson-optee-source/optee/build/t194/export-ta_arm64/lib/libutils.a(consttime_memcmp.o)
                0x000000000051d9b8                . = ALIGN (0x8)
 *fill*         0x000000000051d9b4        0x4 
                0x000000000051d9b8                __ftrace_buf_start = .
                0x000000000051d9b8                . = (. + DEFINED (_mcount)?0x800:0x0)
                0x000000000051d9b8                __ftrace_buf_end = .

.dynbss         0x000000000051d9b8        0x0
 .dynbss        0x000000000051d9b8        0x0 ./activations_TA.o

/DISCARD/
 *(SORT_BY_ALIGNMENT(.interp))
LOAD ./activations_TA.o
LOAD ./aes_TA.o
LOAD ./avgpool_layer_TA.o
LOAD ./batchnorm_layer_TA.o
LOAD ./blas_TA.o
LOAD ./col2im_TA.o
LOAD ./connected_layer_TA.o
LOAD ./convolutional_layer_TA.o
LOAD ./cost_layer_TA.o
LOAD ./darknetp_ta.o
LOAD ./diffprivate_TA.o
LOAD ./dropout_layer_TA.o
LOAD ./gemm_TA.o
LOAD ./im2col_TA.o
LOAD ./math_TA.o
LOAD ./maxpool_layer_TA.o
LOAD ./network_TA.o
LOAD ./parser_TA.o
LOAD ./softmax_layer_TA.o
LOAD ./utils_TA.o
LOAD ./user_ta_header.o
START GROUP
LOAD /home/cheonsh/Linux_for_Tegra/public_sources/Linux_for_Tegra/source/public/nvidia-jetson-optee-source/optee/build/t194/export-ta_arm64/lib/libutils.a
LOAD /home/cheonsh/Linux_for_Tegra/public_sources/Linux_for_Tegra/source/public/nvidia-jetson-optee-source/optee/build/t194/export-ta_arm64/lib/libutee.a
LOAD /home/cheonsh/Linux_for_Tegra/public_sources/Linux_for_Tegra/source/public/nvidia-jetson-optee-source/optee/build/t194/export-ta_arm64/lib/libmbedtls.a
LOAD /home/cheonsh/Linux_for_Tegra/public_sources/Linux_for_Tegra/source/public/nvidia-jetson-optee-source/optee/build/t194/export-ta_arm64/lib/libdl.a
END GROUP
LOAD /home/cheonsh/Linux_for_Tegra/aarch64--glibc--stable-final/bin/../lib/gcc/aarch64-buildroot-linux-gnu/9.3.0/libgcc.a
LOAD /home/cheonsh/Linux_for_Tegra/public_sources/Linux_for_Tegra/source/public/nvidia-jetson-optee-source/optee/build/t194/export-ta_arm64/lib/libutils.a
OUTPUT(7fc5c039-0542-4ee1-80af-b4eab2f1998d.elf elf64-littleaarch64)

.debug_info     0x0000000000000000    0x32a03
 .debug_info    0x0000000000000000      0xe90 ./activations_TA.o
 .debug_info    0x0000000000000e90      0xf30 ./aes_TA.o
 .debug_info    0x0000000000001dc0     0x141b ./avgpool_layer_TA.o
 .debug_info    0x00000000000031db     0x1a47 ./batchnorm_layer_TA.o
 .debug_info    0x0000000000004c22      0xa68 ./blas_TA.o
 .debug_info    0x000000000000568a      0x341 ./col2im_TA.o
 .debug_info    0x00000000000059cb     0x1b80 ./connected_layer_TA.o
 .debug_info    0x000000000000754b     0x230f ./convolutional_layer_TA.o
 .debug_info    0x000000000000985a     0x15ea ./cost_layer_TA.o
 .debug_info    0x000000000000ae44     0x3602 ./darknetp_ta.o
 .debug_info    0x000000000000e446      0x246 ./diffprivate_TA.o
 .debug_info    0x000000000000e68c     0x149f ./dropout_layer_TA.o
 .debug_info    0x000000000000fb2b     0x1810 ./gemm_TA.o
 .debug_info    0x000000000001133b      0x32e ./im2col_TA.o
 .debug_info    0x0000000000011669      0xed3 ./math_TA.o
 .debug_info    0x000000000001253c     0x15e2 ./maxpool_layer_TA.o
 .debug_info    0x0000000000013b1e     0x1b3e ./network_TA.o